Archive member included because of file (symbol)

/usr/lib/x86_64-linux-gnu/libc_nonshared.a(elf-init.oS)
                              /usr/lib/x86_64-linux-gnu/crt1.o (__libc_csu_init)

Discarded input sections

 .note.GNU-stack
                0x0000000000000000        0x0 /usr/lib/x86_64-linux-gnu/crt1.o
 .gnu_debuglink
                0x0000000000000000        0xc /usr/lib/x86_64-linux-gnu/crt1.o
 .note.GNU-stack
                0x0000000000000000        0x0 /usr/lib/x86_64-linux-gnu/crti.o
 .gnu_debuglink
                0x0000000000000000        0xc /usr/lib/x86_64-linux-gnu/crti.o
 .note.GNU-stack
                0x0000000000000000        0x0 /usr/lib/gcc/x86_64-linux-gnu/4.6/crtbegin.o
 .note.GNU-stack
                0x0000000000000000        0x0 /usr/lib/x86_64-linux-gnu/libc_nonshared.a(elf-init.oS)
 .note.GNU-stack
                0x0000000000000000        0x0 /usr/lib/gcc/x86_64-linux-gnu/4.6/crtend.o
 .note.GNU-stack
                0x0000000000000000        0x0 /usr/lib/x86_64-linux-gnu/crtn.o
 .gnu_debuglink
                0x0000000000000000        0xc /usr/lib/x86_64-linux-gnu/crtn.o
 .note.GNU-stack
                0x0000000000000000        0x0 src/main/main.o

Memory Configuration

Name             Origin             Length             Attributes
*default*        0x0000000000000000 0xffffffffffffffff

Linker script and memory map

LOAD /usr/lib/x86_64-linux-gnu/crt1.o
LOAD /usr/lib/x86_64-linux-gnu/crti.o
LOAD /usr/lib/gcc/x86_64-linux-gnu/4.6/crtbegin.o
LOAD /usr/lib/x86_64-linux-gnu/libc.so
START GROUP
LOAD /lib/x86_64-linux-gnu/libc.so.6
LOAD /usr/lib/x86_64-linux-gnu/libc_nonshared.a
LOAD /lib/x86_64-linux-gnu/ld-linux-x86-64.so.2
END GROUP
LOAD /usr/lib/gcc/x86_64-linux-gnu/4.6/crtend.o
LOAD /usr/lib/x86_64-linux-gnu/crtn.o
LOAD src/main/main.o
LOAD dst/dwin.a
                0x0000000000400000                PROVIDE (__executable_start, 0x400000)
                0x00000000004001c8                . = (0x400000 + SIZEOF_HEADERS)

.interp         0x00000000004001c8       0x1c
 *(.interp)
 .interp        0x00000000004001c8       0x1c /usr/lib/x86_64-linux-gnu/crt1.o

.note.ABI-tag   0x00000000004001e4       0x20
 .note.ABI-tag  0x00000000004001e4       0x20 /usr/lib/x86_64-linux-gnu/crt1.o

.note.gnu.build-id
 *(.note.gnu.build-id)

.hash           0x0000000000400208       0x18
 *(.hash)
 .hash          0x0000000000400208       0x18 /usr/lib/x86_64-linux-gnu/crt1.o

.gnu.hash
 *(.gnu.hash)

.dynsym         0x0000000000400220       0x48
 *(.dynsym)
 .dynsym        0x0000000000400220       0x48 /usr/lib/x86_64-linux-gnu/crt1.o

.dynstr         0x0000000000400268       0x38
 *(.dynstr)
 .dynstr        0x0000000000400268       0x38 /usr/lib/x86_64-linux-gnu/crt1.o

.gnu.version    0x00000000004002a0        0x6
 *(.gnu.version)
 .gnu.version   0x00000000004002a0        0x6 /usr/lib/x86_64-linux-gnu/crt1.o

.gnu.version_d  0x00000000004002a8        0x0
 *(.gnu.version_d)
 .gnu.version_d
                0x0000000000000000        0x0 /usr/lib/x86_64-linux-gnu/crt1.o

.gnu.version_r  0x00000000004002a8       0x20
 *(.gnu.version_r)
 .gnu.version_r
                0x00000000004002a8       0x20 /usr/lib/x86_64-linux-gnu/crt1.o

.rela.dyn       0x00000000004002c8       0x18
 *(.rela.init)
 *(.rela.text .rela.text.* .rela.gnu.linkonce.t.*)
 .rela.text     0x0000000000000000        0x0 /usr/lib/x86_64-linux-gnu/crt1.o
 *(.rela.fini)
 *(.rela.rodata .rela.rodata.* .rela.gnu.linkonce.r.*)
 *(.rela.data .rela.data.* .rela.gnu.linkonce.d.*)
 *(.rela.tdata .rela.tdata.* .rela.gnu.linkonce.td.*)
 *(.rela.tbss .rela.tbss.* .rela.gnu.linkonce.tb.*)
 *(.rela.ctors)
 *(.rela.dtors)
 *(.rela.got)
 .rela.got      0x00000000004002c8       0x18 /usr/lib/x86_64-linux-gnu/crt1.o
 *(.rela.bss .rela.bss.* .rela.gnu.linkonce.b.*)
 .rela.bss      0x0000000000000000        0x0 /usr/lib/x86_64-linux-gnu/crt1.o
 *(.rela.ldata .rela.ldata.* .rela.gnu.linkonce.l.*)
 *(.rela.lbss .rela.lbss.* .rela.gnu.linkonce.lb.*)
 *(.rela.lrodata .rela.lrodata.* .rela.gnu.linkonce.lr.*)
 *(.rela.ifunc)

.rela.plt       0x00000000004002e0       0x18
 *(.rela.plt)
 .rela.plt      0x00000000004002e0       0x18 /usr/lib/x86_64-linux-gnu/crt1.o
                0x00000000004002f8                PROVIDE (__rela_iplt_start, .)
 *(.rela.iplt)
 .rela.iplt     0x0000000000000000        0x0 /usr/lib/x86_64-linux-gnu/crt1.o
                0x00000000004002f8                PROVIDE (__rela_iplt_end, .)

.init           0x00000000004002f8       0x18
 *(.init)
 .init          0x00000000004002f8        0x9 /usr/lib/x86_64-linux-gnu/crti.o
                0x00000000004002f8                _init
 .init          0x0000000000400301        0x5 /usr/lib/gcc/x86_64-linux-gnu/4.6/crtbegin.o
 .init          0x0000000000400306        0x5 /usr/lib/gcc/x86_64-linux-gnu/4.6/crtend.o
 .init          0x000000000040030b        0x5 /usr/lib/x86_64-linux-gnu/crtn.o

.plt            0x0000000000400310       0x20
 *(.plt)
 .plt           0x0000000000400310       0x20 /usr/lib/x86_64-linux-gnu/crt1.o
                0x0000000000400320                __libc_start_main@@GLIBC_2.2.5
 *(.iplt)
 .iplt          0x0000000000000000        0x0 /usr/lib/x86_64-linux-gnu/crt1.o

.text           0x0000000000400330      0x430
 *(.text.unlikely .text.*_unlikely)
 *(.text.exit .text.exit.*)
 *(.text.startup .text.startup.*)
 *(.text.hot .text.hot.*)
 *(.text .stub .text.* .gnu.linkonce.t.*)
 .text          0x0000000000400330       0x2c /usr/lib/x86_64-linux-gnu/crt1.o
                0x0000000000400330                _start
 .text          0x000000000040035c       0x17 /usr/lib/x86_64-linux-gnu/crti.o
 *fill*         0x0000000000400373        0xd 90909090
 .text          0x0000000000400380       0x92 /usr/lib/gcc/x86_64-linux-gnu/4.6/crtbegin.o
 *fill*         0x0000000000400412        0xe 90909090
 .text          0x0000000000400420       0x92 /usr/lib/x86_64-linux-gnu/libc_nonshared.a(elf-init.oS)
                0x0000000000400420                __libc_csu_init
                0x00000000004004b0                __libc_csu_fini
 *fill*         0x00000000004004b2        0xe 90909090
 .text          0x00000000004004c0       0x36 /usr/lib/gcc/x86_64-linux-gnu/4.6/crtend.o
 *fill*         0x00000000004004f6        0x2 90909090
 .text          0x00000000004004f8        0x0 /usr/lib/x86_64-linux-gnu/crtn.o
 .text          0x00000000004004f8      0x268 src/main/main.o
                0x00000000004004f8                hello
                0x0000000000400519                delete_event
                0x0000000000400543                destroy
                0x000000000040055a                main
 *(.gnu.warning)

.fini           0x0000000000400760        0xe
 *(.fini)
 .fini          0x0000000000400760        0x4 /usr/lib/x86_64-linux-gnu/crti.o
                0x0000000000400760                _fini
 .fini          0x0000000000400764        0x5 /usr/lib/gcc/x86_64-linux-gnu/4.6/crtbegin.o
 .fini          0x0000000000400769        0x5 /usr/lib/x86_64-linux-gnu/crtn.o
                0x000000000040076e                PROVIDE (__etext, .)
                0x000000000040076e                PROVIDE (_etext, .)
                0x000000000040076e                PROVIDE (etext, .)

.rodata         0x0000000000400770       0x3f
 *(.rodata .rodata.* .gnu.linkonce.r.*)
 .rodata.cst4   0x0000000000400770        0x4 /usr/lib/x86_64-linux-gnu/crt1.o
                0x0000000000400770                _IO_stdin_used
 .rodata        0x0000000000400774       0x3b src/main/main.o

.rodata1
 *(.rodata1)

.eh_frame_hdr
 *(.eh_frame_hdr)

.eh_frame       0x00000000004007b0      0x110
 *(.eh_frame)
 .eh_frame      0x00000000004007b0       0x40 /usr/lib/x86_64-linux-gnu/crt1.o
 .eh_frame      0x00000000004007f0       0x40 /usr/lib/x86_64-linux-gnu/libc_nonshared.a(elf-init.oS)
                                         0x58 (size before relaxing)
 .eh_frame      0x0000000000400830        0x4 /usr/lib/gcc/x86_64-linux-gnu/4.6/crtend.o
 *fill*         0x0000000000400834        0x4 00
 .eh_frame      0x0000000000400838       0x88 src/main/main.o
                                         0xa0 (size before relaxing)

.gcc_except_table
 *(.gcc_except_table .gcc_except_table.*)

.exception_ranges
 *(.exception_ranges .exception_ranges*)
                0x00000000004008c0                . = (ALIGN (0x200000) - ((0x200000 - .) & 0x1fffff))
                0x00000000006008c0                . = DATA_SEGMENT_ALIGN (0x200000, 0x1000)

.eh_frame
 *(.eh_frame)

.gcc_except_table
 *(.gcc_except_table .gcc_except_table.*)

.exception_ranges
 *(.exception_ranges .exception_ranges*)

.tdata
 *(.tdata .tdata.* .gnu.linkonce.td.*)

.tbss
 *(.tbss .tbss.* .gnu.linkonce.tb.*)
 *(.tcommon)

.preinit_array  0x00000000006008c0        0x0
                0x00000000006008c0                PROVIDE (__preinit_array_start, .)
 *(.preinit_array)
                0x00000000006008c0                PROVIDE (__preinit_array_end, .)

.init_array     0x00000000006008c0        0x0
                0x00000000006008c0                PROVIDE (__init_array_start, .)
 *(SORT(.init_array.*) SORT(.ctors.*))
 *(.init_array)
 *(EXCLUDE_FILE(*crtend?.o *crtend.o *crtbegin?.o *crtbegin.o) .ctors)
                0x00000000006008c0                PROVIDE (__init_array_end, .)

.fini_array     0x00000000006008c0        0x0
                0x00000000006008c0                PROVIDE (__fini_array_start, .)
 *(SORT(.fini_array.*) SORT(.dtors.*))
 *(.fini_array)
 *(EXCLUDE_FILE(*crtend?.o *crtend.o *crtbegin?.o *crtbegin.o) .dtors)
                0x00000000006008c0                PROVIDE (__fini_array_end, .)

.ctors          0x00000000006008c0       0x10
 *crtbegin.o(.ctors)
 .ctors         0x00000000006008c0        0x8 /usr/lib/gcc/x86_64-linux-gnu/4.6/crtbegin.o
 *crtbegin?.o(.ctors)
 *(EXCLUDE_FILE(*crtend?.o *crtend.o) .ctors)
 *(SORT(.ctors.*))
 *(.ctors)
 .ctors         0x00000000006008c8        0x8 /usr/lib/gcc/x86_64-linux-gnu/4.6/crtend.o

.dtors          0x00000000006008d0       0x10
 *crtbegin.o(.dtors)
 .dtors         0x00000000006008d0        0x8 /usr/lib/gcc/x86_64-linux-gnu/4.6/crtbegin.o
 *crtbegin?.o(.dtors)
 *(EXCLUDE_FILE(*crtend?.o *crtend.o) .dtors)
 *(SORT(.dtors.*))
 *(.dtors)
 .dtors         0x00000000006008d8        0x8 /usr/lib/gcc/x86_64-linux-gnu/4.6/crtend.o
                0x00000000006008d8                __DTOR_END__

.jcr            0x00000000006008e0        0x8
 *(.jcr)
 .jcr           0x00000000006008e0        0x0 /usr/lib/gcc/x86_64-linux-gnu/4.6/crtbegin.o
 .jcr           0x00000000006008e0        0x8 /usr/lib/gcc/x86_64-linux-gnu/4.6/crtend.o

.data.rel.ro
 *(.data.rel.ro.local* .gnu.linkonce.d.rel.ro.local.*)
 *(.data.rel.ro* .gnu.linkonce.d.rel.ro.*)

.dynamic        0x00000000006008e8      0x190
 *(.dynamic)
 .dynamic       0x00000000006008e8      0x190 /usr/lib/x86_64-linux-gnu/crt1.o
                0x00000000006008e8                _DYNAMIC

.got            0x0000000000600a78        0x8
 *(.got)
 .got           0x0000000000600a78        0x8 /usr/lib/x86_64-linux-gnu/crt1.o
 *(.igot)
                0x0000000000600a80                . = DATA_SEGMENT_RELRO_END (., 0x18)

.got.plt        0x0000000000600a80       0x20
 *(.got.plt)
 .got.plt       0x0000000000600a80       0x20 /usr/lib/x86_64-linux-gnu/crt1.o
                0x0000000000600a80                _GLOBAL_OFFSET_TABLE_
 *(.igot.plt)
 .igot.plt      0x0000000000000000        0x0 /usr/lib/x86_64-linux-gnu/crt1.o

.data           0x0000000000600aa0       0x10
 *(.data .data.* .gnu.linkonce.d.*)
 .data          0x0000000000600aa0        0x4 /usr/lib/x86_64-linux-gnu/crt1.o
                0x0000000000600aa0                data_start
                0x0000000000600aa0                __data_start
 .data          0x0000000000600aa4        0x0 /usr/lib/x86_64-linux-gnu/crti.o
 *fill*         0x0000000000600aa4        0x4 00
 .data          0x0000000000600aa8        0x8 /usr/lib/gcc/x86_64-linux-gnu/4.6/crtbegin.o
                0x0000000000600aa8                __dso_handle
 .data          0x0000000000600ab0        0x0 /usr/lib/x86_64-linux-gnu/libc_nonshared.a(elf-init.oS)
 .data          0x0000000000600ab0        0x0 /usr/lib/gcc/x86_64-linux-gnu/4.6/crtend.o
 .data          0x0000000000600ab0        0x0 /usr/lib/x86_64-linux-gnu/crtn.o
 .data          0x0000000000600ab0        0x0 src/main/main.o

.data1
 *(.data1)
                0x0000000000600ab0                _edata = .
                0x0000000000600ab0                PROVIDE (edata, .)
                0x0000000000600ab0                __bss_start = .

.bss            0x0000000000600ab0       0x10
 *(.dynbss)
 .dynbss        0x0000000000000000        0x0 /usr/lib/x86_64-linux-gnu/crt1.o
 *(.bss .bss.* .gnu.linkonce.b.*)
 .bss           0x0000000000600ab0        0x0 /usr/lib/x86_64-linux-gnu/crt1.o
 .bss           0x0000000000600ab0        0x0 /usr/lib/x86_64-linux-gnu/crti.o
 .bss           0x0000000000600ab0       0x10 /usr/lib/gcc/x86_64-linux-gnu/4.6/crtbegin.o
 .bss           0x0000000000600ac0        0x0 /usr/lib/x86_64-linux-gnu/libc_nonshared.a(elf-init.oS)
 .bss           0x0000000000600ac0        0x0 /usr/lib/gcc/x86_64-linux-gnu/4.6/crtend.o
 .bss           0x0000000000600ac0        0x0 /usr/lib/x86_64-linux-gnu/crtn.o
 .bss           0x0000000000600ac0        0x0 src/main/main.o
 *(COMMON)
                0x0000000000600ac0                . = ALIGN ((. != 0x0)?0x8:0x1)

.lbss
 *(.dynlbss)
 *(.lbss .lbss.* .gnu.linkonce.lb.*)
 *(LARGE_COMMON)
                0x0000000000600ac0                . = ALIGN (0x8)

.lrodata
 *(.lrodata .lrodata.* .gnu.linkonce.lr.*)

.ldata          0x0000000000a00ac0        0x0
 *(.ldata .ldata.* .gnu.linkonce.l.*)
                0x0000000000a00ac0                . = ALIGN ((. != 0x0)?0x8:0x1)
                0x0000000000a00ac0                . = ALIGN (0x8)
                0x0000000000a00ac0                _end = .
                0x0000000000a00ac0                PROVIDE (end, .)
                0x0000000000a00ac0                . = DATA_SEGMENT_END (.)

.stab
 *(.stab)

.stabstr
 *(.stabstr)

.stab.excl
 *(.stab.excl)

.stab.exclstr
 *(.stab.exclstr)

.stab.index
 *(.stab.index)

.stab.indexstr
 *(.stab.indexstr)

.comment        0x0000000000000000       0x2a
 *(.comment)
 .comment       0x0000000000000000       0x2a /usr/lib/gcc/x86_64-linux-gnu/4.6/crtbegin.o
                                         0x2b (size before relaxing)
 .comment       0x0000000000000000       0x2b /usr/lib/x86_64-linux-gnu/libc_nonshared.a(elf-init.oS)
 .comment       0x0000000000000000       0x2b /usr/lib/gcc/x86_64-linux-gnu/4.6/crtend.o
 .comment       0x0000000000000000       0x2b src/main/main.o

.debug
 *(.debug)

.line
 *(.line)

.debug_srcinfo
 *(.debug_srcinfo)

.debug_sfnames
 *(.debug_sfnames)

.debug_aranges
 *(.debug_aranges)

.debug_pubnames
 *(.debug_pubnames)

.debug_info
 *(.debug_info .gnu.linkonce.wi.*)

.debug_abbrev
 *(.debug_abbrev)

.debug_line
 *(.debug_line)

.debug_frame
 *(.debug_frame)

.debug_str
 *(.debug_str)

.debug_loc
 *(.debug_loc)

.debug_macinfo
 *(.debug_macinfo)

.debug_weaknames
 *(.debug_weaknames)

.debug_funcnames
 *(.debug_funcnames)

.debug_typenames
 *(.debug_typenames)

.debug_varnames
 *(.debug_varnames)

.debug_pubtypes
 *(.debug_pubtypes)

.debug_ranges
 *(.debug_ranges)

.gnu.attributes
 *(.gnu.attributes)

/DISCARD/
 *(.note.GNU-stack)
 *(.gnu_debuglink)
 *(.gnu.lto_*)
OUTPUT(dst/dwin elf64-x86-64)
