Archive member included because of file (symbol)

/usr/lib/x86_64-linux-gnu/libc_nonshared.a(elf-init.oS)
                              /usr/lib/x86_64-linux-gnu/crt1.o (__libc_csu_init)
dst/mon.a(strings.o)          src/main/main.o (strcmp_1)

Discarded input sections

 .note.GNU-stack
                0x0000000000000000        0x0 /usr/lib/x86_64-linux-gnu/crt1.o
 .gnu_debuglink
                0x0000000000000000        0xc /usr/lib/x86_64-linux-gnu/crt1.o
 .note.GNU-stack
                0x0000000000000000        0x0 /usr/lib/x86_64-linux-gnu/crti.o
 .gnu_debuglink
                0x0000000000000000        0xc /usr/lib/x86_64-linux-gnu/crti.o
 .note.GNU-stack
                0x0000000000000000        0x0 /usr/lib/gcc/x86_64-linux-gnu/4.6/crtbegin.o
 .note.GNU-stack
                0x0000000000000000        0x0 /usr/lib/x86_64-linux-gnu/libc_nonshared.a(elf-init.oS)
 .note.GNU-stack
                0x0000000000000000        0x0 /usr/lib/gcc/x86_64-linux-gnu/4.6/crtend.o
 .note.GNU-stack
                0x0000000000000000        0x0 /usr/lib/x86_64-linux-gnu/crtn.o
 .gnu_debuglink
                0x0000000000000000        0xc /usr/lib/x86_64-linux-gnu/crtn.o
 .note.GNU-stack
                0x0000000000000000        0x0 src/main/main.o
 .note.GNU-stack
                0x0000000000000000        0x0 dst/mon.a(strings.o)

Memory Configuration

Name             Origin             Length             Attributes
*default*        0x0000000000000000 0xffffffffffffffff

Linker script and memory map

LOAD /usr/lib/x86_64-linux-gnu/crt1.o
LOAD /usr/lib/x86_64-linux-gnu/crti.o
LOAD /usr/lib/gcc/x86_64-linux-gnu/4.6/crtbegin.o
LOAD /usr/lib/x86_64-linux-gnu/libc.so
START GROUP
LOAD /lib/x86_64-linux-gnu/libc.so.6
LOAD /usr/lib/x86_64-linux-gnu/libc_nonshared.a
LOAD /lib/x86_64-linux-gnu/ld-linux-x86-64.so.2
END GROUP
LOAD /usr/lib/gcc/x86_64-linux-gnu/4.6/crtend.o
LOAD /usr/lib/x86_64-linux-gnu/crtn.o
LOAD src/main/main.o
LOAD dst/mon.a
                0x0000000000400000                PROVIDE (__executable_start, 0x400000)
                0x00000000004001c8                . = (0x400000 + SIZEOF_HEADERS)

.interp         0x00000000004001c8       0x1c
 *(.interp)
 .interp        0x00000000004001c8       0x1c /usr/lib/x86_64-linux-gnu/crt1.o

.note.ABI-tag   0x00000000004001e4       0x20
 .note.ABI-tag  0x00000000004001e4       0x20 /usr/lib/x86_64-linux-gnu/crt1.o

.note.gnu.build-id
 *(.note.gnu.build-id)

.hash           0x0000000000400208       0x40
 *(.hash)
 .hash          0x0000000000400208       0x40 /usr/lib/x86_64-linux-gnu/crt1.o

.gnu.hash
 *(.gnu.hash)

.dynsym         0x0000000000400248      0x108
 *(.dynsym)
 .dynsym        0x0000000000400248      0x108 /usr/lib/x86_64-linux-gnu/crt1.o

.dynstr         0x0000000000400350       0x89
 *(.dynstr)
 .dynstr        0x0000000000400350       0x89 /usr/lib/x86_64-linux-gnu/crt1.o

.gnu.version    0x00000000004003da       0x16
 *(.gnu.version)
 .gnu.version   0x00000000004003da       0x16 /usr/lib/x86_64-linux-gnu/crt1.o

.gnu.version_d  0x00000000004003f0        0x0
 *(.gnu.version_d)
 .gnu.version_d
                0x0000000000000000        0x0 /usr/lib/x86_64-linux-gnu/crt1.o

.gnu.version_r  0x00000000004003f0       0x30
 *(.gnu.version_r)
 .gnu.version_r
                0x00000000004003f0       0x30 /usr/lib/x86_64-linux-gnu/crt1.o

.rela.dyn       0x0000000000400420       0x18
 *(.rela.init)
 *(.rela.text .rela.text.* .rela.gnu.linkonce.t.*)
 .rela.text     0x0000000000000000        0x0 /usr/lib/x86_64-linux-gnu/crt1.o
 *(.rela.fini)
 *(.rela.rodata .rela.rodata.* .rela.gnu.linkonce.r.*)
 *(.rela.data .rela.data.* .rela.gnu.linkonce.d.*)
 *(.rela.tdata .rela.tdata.* .rela.gnu.linkonce.td.*)
 *(.rela.tbss .rela.tbss.* .rela.gnu.linkonce.tb.*)
 *(.rela.ctors)
 *(.rela.dtors)
 *(.rela.got)
 .rela.got      0x0000000000400420       0x18 /usr/lib/x86_64-linux-gnu/crt1.o
 *(.rela.bss .rela.bss.* .rela.gnu.linkonce.b.*)
 .rela.bss      0x0000000000000000        0x0 /usr/lib/x86_64-linux-gnu/crt1.o
 *(.rela.ldata .rela.ldata.* .rela.gnu.linkonce.l.*)
 *(.rela.lbss .rela.lbss.* .rela.gnu.linkonce.lb.*)
 *(.rela.lrodata .rela.lrodata.* .rela.gnu.linkonce.lr.*)
 *(.rela.ifunc)

.rela.plt       0x0000000000400438       0xd8
 *(.rela.plt)
 .rela.plt      0x0000000000400438       0xd8 /usr/lib/x86_64-linux-gnu/crt1.o
                0x0000000000400510                PROVIDE (__rela_iplt_start, .)
 *(.rela.iplt)
 .rela.iplt     0x0000000000000000        0x0 /usr/lib/x86_64-linux-gnu/crt1.o
                0x0000000000400510                PROVIDE (__rela_iplt_end, .)

.init           0x0000000000400510       0x18
 *(.init)
 .init          0x0000000000400510        0x9 /usr/lib/x86_64-linux-gnu/crti.o
                0x0000000000400510                _init
 .init          0x0000000000400519        0x5 /usr/lib/gcc/x86_64-linux-gnu/4.6/crtbegin.o
 .init          0x000000000040051e        0x5 /usr/lib/gcc/x86_64-linux-gnu/4.6/crtend.o
 .init          0x0000000000400523        0x5 /usr/lib/x86_64-linux-gnu/crtn.o

.plt            0x0000000000400530       0xa0
 *(.plt)
 .plt           0x0000000000400530       0xa0 /usr/lib/x86_64-linux-gnu/crt1.o
                0x0000000000400540                strlen@@GLIBC_2.2.5
                0x0000000000400550                system@@GLIBC_2.2.5
                0x0000000000400560                printf@@GLIBC_2.2.5
                0x0000000000400570                memset@@GLIBC_2.2.5
                0x0000000000400580                read@@GLIBC_2.2.5
                0x0000000000400590                __libc_start_main@@GLIBC_2.2.5
                0x00000000004005a0                inotify_init@@GLIBC_2.4
                0x00000000004005b0                inotify_add_watch@@GLIBC_2.4
                0x00000000004005c0                strcat@@GLIBC_2.2.5
 *(.iplt)
 .iplt          0x0000000000000000        0x0 /usr/lib/x86_64-linux-gnu/crt1.o

.text           0x00000000004005d0      0x7dc
 *(.text.unlikely .text.*_unlikely)
 *(.text.exit .text.exit.*)
 *(.text.startup .text.startup.*)
 *(.text.hot .text.hot.*)
 *(.text .stub .text.* .gnu.linkonce.t.*)
 .text          0x00000000004005d0       0x2c /usr/lib/x86_64-linux-gnu/crt1.o
                0x00000000004005d0                _start
 .text          0x00000000004005fc       0x17 /usr/lib/x86_64-linux-gnu/crti.o
 *fill*         0x0000000000400613        0xd 90909090
 .text          0x0000000000400620       0x92 /usr/lib/gcc/x86_64-linux-gnu/4.6/crtbegin.o
 *fill*         0x00000000004006b2        0xe 90909090
 .text          0x00000000004006c0       0x92 /usr/lib/x86_64-linux-gnu/libc_nonshared.a(elf-init.oS)
                0x00000000004006c0                __libc_csu_init
                0x0000000000400750                __libc_csu_fini
 *fill*         0x0000000000400752        0xe 90909090
 .text          0x0000000000400760       0x36 /usr/lib/gcc/x86_64-linux-gnu/4.6/crtend.o
 *fill*         0x0000000000400796        0x2 90909090
 .text          0x0000000000400798        0x0 /usr/lib/x86_64-linux-gnu/crtn.o
 .text          0x0000000000400798      0x43f src/main/main.o
                0x0000000000400798                main
                0x000000000040098e                mon_ctrl
 *fill*         0x0000000000400bd7        0x1 90909090
 .text          0x0000000000400bd8      0x1d4 dst/mon.a(strings.o)
                0x0000000000400bd8                strcpy_1
                0x0000000000400c15                strcpy_2
                0x0000000000400c47                strcpy_3
                0x0000000000400c80                strcmp_1
                0x0000000000400d09                itoa
                0x0000000000400d70                replace_ch
 *(.gnu.warning)

.fini           0x0000000000400dac        0xe
 *(.fini)
 .fini          0x0000000000400dac        0x4 /usr/lib/x86_64-linux-gnu/crti.o
                0x0000000000400dac                _fini
 .fini          0x0000000000400db0        0x5 /usr/lib/gcc/x86_64-linux-gnu/4.6/crtbegin.o
 .fini          0x0000000000400db5        0x5 /usr/lib/x86_64-linux-gnu/crtn.o
                0x0000000000400dba                PROVIDE (__etext, .)
                0x0000000000400dba                PROVIDE (_etext, .)
                0x0000000000400dba                PROVIDE (etext, .)

.rodata         0x0000000000400dc0      0x1b6
 *(.rodata .rodata.* .gnu.linkonce.r.*)
 .rodata.cst4   0x0000000000400dc0        0x4 /usr/lib/x86_64-linux-gnu/crt1.o
                0x0000000000400dc0                _IO_stdin_used
 *fill*         0x0000000000400dc4        0x4 00
 .rodata        0x0000000000400dc8      0x1ae src/main/main.o

.rodata1
 *(.rodata1)

.eh_frame_hdr
 *(.eh_frame_hdr)

.eh_frame       0x0000000000400f78      0x188
 *(.eh_frame)
 .eh_frame      0x0000000000400f78       0x40 /usr/lib/x86_64-linux-gnu/crt1.o
 .eh_frame      0x0000000000400fb8       0x40 /usr/lib/x86_64-linux-gnu/libc_nonshared.a(elf-init.oS)
                                         0x58 (size before relaxing)
 .eh_frame      0x0000000000400ff8        0x4 /usr/lib/gcc/x86_64-linux-gnu/4.6/crtend.o
 *fill*         0x0000000000400ffc        0x4 00
 .eh_frame      0x0000000000401000       0x40 src/main/main.o
                                         0x58 (size before relaxing)
 .eh_frame      0x0000000000401040       0xc0 dst/mon.a(strings.o)
                                         0xd8 (size before relaxing)

.gcc_except_table
 *(.gcc_except_table .gcc_except_table.*)

.exception_ranges
 *(.exception_ranges .exception_ranges*)
                0x0000000000401100                . = (ALIGN (0x200000) - ((0x200000 - .) & 0x1fffff))
                0x0000000000601100                . = DATA_SEGMENT_ALIGN (0x200000, 0x1000)

.eh_frame
 *(.eh_frame)

.gcc_except_table
 *(.gcc_except_table .gcc_except_table.*)

.exception_ranges
 *(.exception_ranges .exception_ranges*)

.tdata
 *(.tdata .tdata.* .gnu.linkonce.td.*)

.tbss
 *(.tbss .tbss.* .gnu.linkonce.tb.*)
 *(.tcommon)

.preinit_array  0x0000000000601100        0x0
                0x0000000000601100                PROVIDE (__preinit_array_start, .)
 *(.preinit_array)
                0x0000000000601100                PROVIDE (__preinit_array_end, .)

.init_array     0x0000000000601100        0x0
                0x0000000000601100                PROVIDE (__init_array_start, .)
 *(SORT(.init_array.*) SORT(.ctors.*))
 *(.init_array)
 *(EXCLUDE_FILE(*crtend?.o *crtend.o *crtbegin?.o *crtbegin.o) .ctors)
                0x0000000000601100                PROVIDE (__init_array_end, .)

.fini_array     0x0000000000601100        0x0
                0x0000000000601100                PROVIDE (__fini_array_start, .)
 *(SORT(.fini_array.*) SORT(.dtors.*))
 *(.fini_array)
 *(EXCLUDE_FILE(*crtend?.o *crtend.o *crtbegin?.o *crtbegin.o) .dtors)
                0x0000000000601100                PROVIDE (__fini_array_end, .)

.ctors          0x0000000000601100       0x10
 *crtbegin.o(.ctors)
 .ctors         0x0000000000601100        0x8 /usr/lib/gcc/x86_64-linux-gnu/4.6/crtbegin.o
 *crtbegin?.o(.ctors)
 *(EXCLUDE_FILE(*crtend?.o *crtend.o) .ctors)
 *(SORT(.ctors.*))
 *(.ctors)
 .ctors         0x0000000000601108        0x8 /usr/lib/gcc/x86_64-linux-gnu/4.6/crtend.o

.dtors          0x0000000000601110       0x10
 *crtbegin.o(.dtors)
 .dtors         0x0000000000601110        0x8 /usr/lib/gcc/x86_64-linux-gnu/4.6/crtbegin.o
 *crtbegin?.o(.dtors)
 *(EXCLUDE_FILE(*crtend?.o *crtend.o) .dtors)
 *(SORT(.dtors.*))
 *(.dtors)
 .dtors         0x0000000000601118        0x8 /usr/lib/gcc/x86_64-linux-gnu/4.6/crtend.o
                0x0000000000601118                __DTOR_END__

.jcr            0x0000000000601120        0x8
 *(.jcr)
 .jcr           0x0000000000601120        0x0 /usr/lib/gcc/x86_64-linux-gnu/4.6/crtbegin.o
 .jcr           0x0000000000601120        0x8 /usr/lib/gcc/x86_64-linux-gnu/4.6/crtend.o

.data.rel.ro
 *(.data.rel.ro.local* .gnu.linkonce.d.rel.ro.local.*)
 *(.data.rel.ro* .gnu.linkonce.d.rel.ro.*)

.dynamic        0x0000000000601128      0x190
 *(.dynamic)
 .dynamic       0x0000000000601128      0x190 /usr/lib/x86_64-linux-gnu/crt1.o
                0x0000000000601128                _DYNAMIC

.got            0x00000000006012b8        0x8
 *(.got)
 .got           0x00000000006012b8        0x8 /usr/lib/x86_64-linux-gnu/crt1.o
 *(.igot)
                0x00000000006012c0                . = DATA_SEGMENT_RELRO_END (., 0x18)

.got.plt        0x00000000006012c0       0x60
 *(.got.plt)
 .got.plt       0x00000000006012c0       0x60 /usr/lib/x86_64-linux-gnu/crt1.o
                0x00000000006012c0                _GLOBAL_OFFSET_TABLE_
 *(.igot.plt)
 .igot.plt      0x0000000000000000        0x0 /usr/lib/x86_64-linux-gnu/crt1.o

.data           0x0000000000601320      0x320
 *(.data .data.* .gnu.linkonce.d.*)
 .data          0x0000000000601320        0x4 /usr/lib/x86_64-linux-gnu/crt1.o
                0x0000000000601320                data_start
                0x0000000000601320                __data_start
 .data          0x0000000000601324        0x0 /usr/lib/x86_64-linux-gnu/crti.o
 *fill*         0x0000000000601324        0x4 00
 .data          0x0000000000601328        0x8 /usr/lib/gcc/x86_64-linux-gnu/4.6/crtbegin.o
                0x0000000000601328                __dso_handle
 .data          0x0000000000601330        0x0 /usr/lib/x86_64-linux-gnu/libc_nonshared.a(elf-init.oS)
 .data          0x0000000000601330        0x0 /usr/lib/gcc/x86_64-linux-gnu/4.6/crtend.o
 .data          0x0000000000601330        0x0 /usr/lib/x86_64-linux-gnu/crtn.o
 *fill*         0x0000000000601330       0x10 00
 .data          0x0000000000601340      0x300 src/main/main.o
 .data          0x0000000000601640        0x0 dst/mon.a(strings.o)

.data1
 *(.data1)
                0x0000000000601640                _edata = .
                0x0000000000601640                PROVIDE (edata, .)
                0x0000000000601640                __bss_start = .

.bss            0x0000000000601640       0x10
 *(.dynbss)
 .dynbss        0x0000000000000000        0x0 /usr/lib/x86_64-linux-gnu/crt1.o
 *(.bss .bss.* .gnu.linkonce.b.*)
 .bss           0x0000000000601640        0x0 /usr/lib/x86_64-linux-gnu/crt1.o
 .bss           0x0000000000601640        0x0 /usr/lib/x86_64-linux-gnu/crti.o
 .bss           0x0000000000601640       0x10 /usr/lib/gcc/x86_64-linux-gnu/4.6/crtbegin.o
 .bss           0x0000000000601650        0x0 /usr/lib/x86_64-linux-gnu/libc_nonshared.a(elf-init.oS)
 .bss           0x0000000000601650        0x0 /usr/lib/gcc/x86_64-linux-gnu/4.6/crtend.o
 .bss           0x0000000000601650        0x0 /usr/lib/x86_64-linux-gnu/crtn.o
 .bss           0x0000000000601650        0x0 src/main/main.o
 .bss           0x0000000000601650        0x0 dst/mon.a(strings.o)
 *(COMMON)
                0x0000000000601650                . = ALIGN ((. != 0x0)?0x8:0x1)

.lbss
 *(.dynlbss)
 *(.lbss .lbss.* .gnu.linkonce.lb.*)
 *(LARGE_COMMON)
                0x0000000000601650                . = ALIGN (0x8)

.lrodata
 *(.lrodata .lrodata.* .gnu.linkonce.lr.*)

.ldata          0x0000000000a01650        0x0
 *(.ldata .ldata.* .gnu.linkonce.l.*)
                0x0000000000a01650                . = ALIGN ((. != 0x0)?0x8:0x1)
                0x0000000000a01650                . = ALIGN (0x8)
                0x0000000000a01650                _end = .
                0x0000000000a01650                PROVIDE (end, .)
                0x0000000000a01650                . = DATA_SEGMENT_END (.)

.stab
 *(.stab)

.stabstr
 *(.stabstr)

.stab.excl
 *(.stab.excl)

.stab.exclstr
 *(.stab.exclstr)

.stab.index
 *(.stab.index)

.stab.indexstr
 *(.stab.indexstr)

.comment        0x0000000000000000       0x2a
 *(.comment)
 .comment       0x0000000000000000       0x2a /usr/lib/gcc/x86_64-linux-gnu/4.6/crtbegin.o
                                         0x2b (size before relaxing)
 .comment       0x0000000000000000       0x2b /usr/lib/x86_64-linux-gnu/libc_nonshared.a(elf-init.oS)
 .comment       0x0000000000000000       0x2b /usr/lib/gcc/x86_64-linux-gnu/4.6/crtend.o
 .comment       0x0000000000000000       0x2b src/main/main.o
 .comment       0x0000000000000000       0x2b dst/mon.a(strings.o)

.debug
 *(.debug)

.line
 *(.line)

.debug_srcinfo
 *(.debug_srcinfo)

.debug_sfnames
 *(.debug_sfnames)

.debug_aranges
 *(.debug_aranges)

.debug_pubnames
 *(.debug_pubnames)

.debug_info
 *(.debug_info .gnu.linkonce.wi.*)

.debug_abbrev
 *(.debug_abbrev)

.debug_line
 *(.debug_line)

.debug_frame
 *(.debug_frame)

.debug_str
 *(.debug_str)

.debug_loc
 *(.debug_loc)

.debug_macinfo
 *(.debug_macinfo)

.debug_weaknames
 *(.debug_weaknames)

.debug_funcnames
 *(.debug_funcnames)

.debug_typenames
 *(.debug_typenames)

.debug_varnames
 *(.debug_varnames)

.debug_pubtypes
 *(.debug_pubtypes)

.debug_ranges
 *(.debug_ranges)

.gnu.attributes
 *(.gnu.attributes)

/DISCARD/
 *(.note.GNU-stack)
 *(.gnu_debuglink)
 *(.gnu.lto_*)
OUTPUT(dst/mon elf64-x86-64)
