Archive member included because of file (symbol)

/usr/lib/x86_64-linux-gnu/libc_nonshared.a(elf-init.oS)
                              /usr/lib/x86_64-linux-gnu/crt1.o (__libc_csu_init)
dst/als.a(strings.o)          src/file2tmp/xferlog_file_parse.o (strcpy_1)
dst/als.a(lib.o)              src/file2tmp/apache2_access_file_parse.o (todatetime_1)

Allocating common symbols
Common symbol       size              file

db_name             0x8               src/db/db_main.o
sshd_log_path       0x8               src/file2tmp/file_parse_main.o
db_server           0x8               src/db/db_main.o
apa_error_log_path  0x8               src/file2tmp/file_parse_main.o
apa_access_log_path
                    0x8               src/file2tmp/file_parse_main.o
db_user             0x8               src/db/db_main.o
squid3_cache_log_path
                    0x8               src/file2tmp/file_parse_main.o
dns_log_path        0x8               src/file2tmp/file_parse_main.o
sendmail_log_path   0x8               src/file2tmp/file_parse_main.o
squid3_access_log_path
                    0x8               src/file2tmp/file_parse_main.o
nfs_log_path        0x8               src/file2tmp/file_parse_main.o
apa_tls_error_log_path
                    0x8               src/file2tmp/file_parse_main.o
postfix_log_path    0x8               src/file2tmp/file_parse_main.o
iptables_log_path   0x8               src/file2tmp/file_parse_main.o
vsftpd_log_path     0x8               src/file2tmp/file_parse_main.o
apa_tls_access_log_path
                    0x8               src/file2tmp/file_parse_main.o
db_pass             0x8               src/db/db_main.o
dhcp_log_path       0x8               src/file2tmp/file_parse_main.o
xferlog_log_path    0x8               src/file2tmp/file_parse_main.o
samba_log_path      0x8               src/file2tmp/file_parse_main.o

Discarded input sections

 .note.GNU-stack
                0x0000000000000000        0x0 /usr/lib/x86_64-linux-gnu/crt1.o
 .gnu_debuglink
                0x0000000000000000        0xc /usr/lib/x86_64-linux-gnu/crt1.o
 .note.GNU-stack
                0x0000000000000000        0x0 /usr/lib/x86_64-linux-gnu/crti.o
 .gnu_debuglink
                0x0000000000000000        0xc /usr/lib/x86_64-linux-gnu/crti.o
 .note.GNU-stack
                0x0000000000000000        0x0 /usr/lib/gcc/x86_64-linux-gnu/4.6/crtbegin.o
 .note.GNU-stack
                0x0000000000000000        0x0 /usr/lib/x86_64-linux-gnu/libc_nonshared.a(elf-init.oS)
 .note.GNU-stack
                0x0000000000000000        0x0 /usr/lib/gcc/x86_64-linux-gnu/4.6/crtend.o
 .note.GNU-stack
                0x0000000000000000        0x0 /usr/lib/x86_64-linux-gnu/crtn.o
 .gnu_debuglink
                0x0000000000000000        0xc /usr/lib/x86_64-linux-gnu/crtn.o
 .note.GNU-stack
                0x0000000000000000        0x0 src/main/main.o
 .note.GNU-stack
                0x0000000000000000        0x0 src/db/db_main.o
 .note.GNU-stack
                0x0000000000000000        0x0 src/db/db.o
 .note.GNU-stack
                0x0000000000000000        0x0 src/file2tmp/file_parse_main.o
 .note.GNU-stack
                0x0000000000000000        0x0 src/file2tmp/file_parse.o
 .note.GNU-stack
                0x0000000000000000        0x0 src/file2tmp/apache2_access_file_parse.o
 .note.GNU-stack
                0x0000000000000000        0x0 src/file2tmp/apache2_error_file_parse.o
 .note.GNU-stack
                0x0000000000000000        0x0 src/file2tmp/xferlog_file_parse.o
 .note.GNU-stack
                0x0000000000000000        0x0 src/file2tmp/vsftpd_file_parse.o
 .note.GNU-stack
                0x0000000000000000        0x0 src/file2tmp/squid3_access_file_parse.o
 .note.GNU-stack
                0x0000000000000000        0x0 src/file2tmp/squid3_cache_file_parse.o
 .note.GNU-stack
                0x0000000000000000        0x0 src/file2tmp/dns_file_parse.o
 .note.GNU-stack
                0x0000000000000000        0x0 src/file2tmp/sendmail_file_parse.o
 .note.GNU-stack
                0x0000000000000000        0x0 src/file2tmp/iptables_file_parse.o
 .note.GNU-stack
                0x0000000000000000        0x0 src/file2tmp/sshd_file_parse.o
 .note.GNU-stack
                0x0000000000000000        0x0 src/file2tmp/apache2_tls_access_file_parse.o
 .note.GNU-stack
                0x0000000000000000        0x0 src/file2tmp/apache2_tls_error_file_parse.o
 .note.GNU-stack
                0x0000000000000000        0x0 src/tmp2db/tmp2db_main.o
 .note.GNU-stack
                0x0000000000000000        0x0 src/tmp2db/tmp2db.o
 .note.GNU-stack
                0x0000000000000000        0x0 src/tmp2db/sendmail_tmp2db.o
 .note.GNU-stack
                0x0000000000000000        0x0 src/tmp2db/dns_tmp2db.o
 .note.GNU-stack
                0x0000000000000000        0x0 src/tmp2db/squid3_cache_tmp2db.o
 .note.GNU-stack
                0x0000000000000000        0x0 src/tmp2db/squid3_access_tmp2db.o
 .note.GNU-stack
                0x0000000000000000        0x0 src/tmp2db/vsftpd_tmp2db.o
 .note.GNU-stack
                0x0000000000000000        0x0 src/tmp2db/xferlog_tmp2db.o
 .note.GNU-stack
                0x0000000000000000        0x0 src/tmp2db/apache2_access_tmp2db.o
 .note.GNU-stack
                0x0000000000000000        0x0 src/tmp2db/apache2_error_tmp2db.o
 .note.GNU-stack
                0x0000000000000000        0x0 src/tmp2db/iptables_tmp2db.o
 .note.GNU-stack
                0x0000000000000000        0x0 src/tmp2db/sshd_tmp2db.o
 .note.GNU-stack
                0x0000000000000000        0x0 src/tmp2db/apache2_tls_access_tmp2db.o
 .note.GNU-stack
                0x0000000000000000        0x0 src/tmp2db/apache2_tls_error_tmp2db.o
 .note.GNU-stack
                0x0000000000000000        0x0 dst/als.a(strings.o)
 .note.GNU-stack
                0x0000000000000000        0x0 dst/als.a(lib.o)

Memory Configuration

Name             Origin             Length             Attributes
*default*        0x0000000000000000 0xffffffffffffffff

Linker script and memory map

LOAD /usr/lib/x86_64-linux-gnu/crt1.o
LOAD /usr/lib/x86_64-linux-gnu/crti.o
LOAD /usr/lib/gcc/x86_64-linux-gnu/4.6/crtbegin.o
LOAD /usr/lib/x86_64-linux-gnu/libc.so
START GROUP
LOAD /lib/x86_64-linux-gnu/libc.so.6
LOAD /usr/lib/x86_64-linux-gnu/libc_nonshared.a
LOAD /lib/x86_64-linux-gnu/ld-linux-x86-64.so.2
END GROUP
LOAD /usr/lib/gcc/x86_64-linux-gnu/4.6/crtend.o
LOAD /usr/lib/x86_64-linux-gnu/crtn.o
LOAD /usr/lib/x86_64-linux-gnu/libmysqlclient.so
LOAD src/main/main.o
LOAD src/db/db_main.o
LOAD src/db/db.o
LOAD src/file2tmp/file_parse_main.o
LOAD src/file2tmp/file_parse.o
LOAD src/file2tmp/apache2_access_file_parse.o
LOAD src/file2tmp/apache2_error_file_parse.o
LOAD src/file2tmp/xferlog_file_parse.o
LOAD src/file2tmp/vsftpd_file_parse.o
LOAD src/file2tmp/squid3_access_file_parse.o
LOAD src/file2tmp/squid3_cache_file_parse.o
LOAD src/file2tmp/dns_file_parse.o
LOAD src/file2tmp/sendmail_file_parse.o
LOAD src/file2tmp/iptables_file_parse.o
LOAD src/file2tmp/sshd_file_parse.o
LOAD src/file2tmp/apache2_tls_access_file_parse.o
LOAD src/file2tmp/apache2_tls_error_file_parse.o
LOAD src/tmp2db/tmp2db_main.o
LOAD src/tmp2db/tmp2db.o
LOAD src/tmp2db/sendmail_tmp2db.o
LOAD src/tmp2db/dns_tmp2db.o
LOAD src/tmp2db/squid3_cache_tmp2db.o
LOAD src/tmp2db/squid3_access_tmp2db.o
LOAD src/tmp2db/vsftpd_tmp2db.o
LOAD src/tmp2db/xferlog_tmp2db.o
LOAD src/tmp2db/apache2_access_tmp2db.o
LOAD src/tmp2db/apache2_error_tmp2db.o
LOAD src/tmp2db/iptables_tmp2db.o
LOAD src/tmp2db/sshd_tmp2db.o
LOAD src/tmp2db/apache2_tls_access_tmp2db.o
LOAD src/tmp2db/apache2_tls_error_tmp2db.o
LOAD dst/als.a
                0x0000000000400000                PROVIDE (__executable_start, 0x400000)
                0x00000000004001c8                . = (0x400000 + SIZEOF_HEADERS)

.interp         0x00000000004001c8       0x1c
 *(.interp)
 .interp        0x00000000004001c8       0x1c /usr/lib/x86_64-linux-gnu/crt1.o

.note.ABI-tag   0x00000000004001e4       0x20
 .note.ABI-tag  0x00000000004001e4       0x20 /usr/lib/x86_64-linux-gnu/crt1.o

.note.gnu.build-id
 *(.note.gnu.build-id)

.hash           0x0000000000400208       0xd4
 *(.hash)
 .hash          0x0000000000400208       0xd4 /usr/lib/x86_64-linux-gnu/crt1.o

.gnu.hash
 *(.gnu.hash)

.dynsym         0x00000000004002e0      0x330
 *(.dynsym)
 .dynsym        0x00000000004002e0      0x330 /usr/lib/x86_64-linux-gnu/crt1.o

.dynstr         0x0000000000400610      0x198
 *(.dynstr)
 .dynstr        0x0000000000400610      0x198 /usr/lib/x86_64-linux-gnu/crt1.o

.gnu.version    0x00000000004007a8       0x44
 *(.gnu.version)
 .gnu.version   0x00000000004007a8       0x44 /usr/lib/x86_64-linux-gnu/crt1.o

.gnu.version_d  0x00000000004007f0        0x0
 *(.gnu.version_d)
 .gnu.version_d
                0x0000000000000000        0x0 /usr/lib/x86_64-linux-gnu/crt1.o

.gnu.version_r  0x00000000004007f0       0x30
 *(.gnu.version_r)
 .gnu.version_r
                0x00000000004007f0       0x30 /usr/lib/x86_64-linux-gnu/crt1.o

.rela.dyn       0x0000000000400820       0x18
 *(.rela.init)
 *(.rela.text .rela.text.* .rela.gnu.linkonce.t.*)
 .rela.text     0x0000000000000000        0x0 /usr/lib/x86_64-linux-gnu/crt1.o
 *(.rela.fini)
 *(.rela.rodata .rela.rodata.* .rela.gnu.linkonce.r.*)
 *(.rela.data .rela.data.* .rela.gnu.linkonce.d.*)
 *(.rela.tdata .rela.tdata.* .rela.gnu.linkonce.td.*)
 *(.rela.tbss .rela.tbss.* .rela.gnu.linkonce.tb.*)
 *(.rela.ctors)
 *(.rela.dtors)
 *(.rela.got)
 .rela.got      0x0000000000400820       0x18 /usr/lib/x86_64-linux-gnu/crt1.o
 *(.rela.bss .rela.bss.* .rela.gnu.linkonce.b.*)
 .rela.bss      0x0000000000000000        0x0 /usr/lib/x86_64-linux-gnu/crt1.o
 *(.rela.ldata .rela.ldata.* .rela.gnu.linkonce.l.*)
 *(.rela.lbss .rela.lbss.* .rela.gnu.linkonce.lb.*)
 *(.rela.lrodata .rela.lrodata.* .rela.gnu.linkonce.lr.*)
 *(.rela.ifunc)

.rela.plt       0x0000000000400838      0x270
 *(.rela.plt)
 .rela.plt      0x0000000000400838      0x270 /usr/lib/x86_64-linux-gnu/crt1.o
                0x0000000000400aa8                PROVIDE (__rela_iplt_start, .)
 *(.rela.iplt)
 .rela.iplt     0x0000000000000000        0x0 /usr/lib/x86_64-linux-gnu/crt1.o
                0x0000000000400aa8                PROVIDE (__rela_iplt_end, .)

.init           0x0000000000400aa8       0x18
 *(.init)
 .init          0x0000000000400aa8        0x9 /usr/lib/x86_64-linux-gnu/crti.o
                0x0000000000400aa8                _init
 .init          0x0000000000400ab1        0x5 /usr/lib/gcc/x86_64-linux-gnu/4.6/crtbegin.o
 .init          0x0000000000400ab6        0x5 /usr/lib/gcc/x86_64-linux-gnu/4.6/crtend.o
 .init          0x0000000000400abb        0x5 /usr/lib/x86_64-linux-gnu/crtn.o

.plt            0x0000000000400ac0      0x1b0
 *(.plt)
 .plt           0x0000000000400ac0      0x1b0 /usr/lib/x86_64-linux-gnu/crt1.o
                0x0000000000400ad0                localtime@@GLIBC_2.2.5
                0x0000000000400ae0                mysql_query
                0x0000000000400af0                mysql_fetch_row
                0x0000000000400b00                fclose@@GLIBC_2.2.5
                0x0000000000400b10                mysql_options
                0x0000000000400b20                mysql_num_fields
                0x0000000000400b30                strlen@@GLIBC_2.2.5
                0x0000000000400b40                printf@@GLIBC_2.2.5
                0x0000000000400b50                memset@@GLIBC_2.2.5
                0x0000000000400b60                __libc_start_main@@GLIBC_2.2.5
                0x0000000000400b70                fgets@@GLIBC_2.2.5
                0x0000000000400b80                mysql_errno
                0x0000000000400b90                time@@GLIBC_2.2.5
                0x0000000000400ba0                __isoc99_sscanf@@GLIBC_2.7
                0x0000000000400bb0                mysql_real_connect
                0x0000000000400bc0                mysql_close
                0x0000000000400bd0                strftime@@GLIBC_2.2.5
                0x0000000000400be0                mysql_init
                0x0000000000400bf0                mysql_free_result
                0x0000000000400c00                fopen@@GLIBC_2.2.5
                0x0000000000400c10                strtok@@GLIBC_2.2.5
                0x0000000000400c20                mysql_error
                0x0000000000400c30                atoi@@GLIBC_2.2.5
                0x0000000000400c40                strcat@@GLIBC_2.2.5
                0x0000000000400c50                mysql_num_rows
                0x0000000000400c60                mysql_store_result
 *(.iplt)
 .iplt          0x0000000000000000        0x0 /usr/lib/x86_64-linux-gnu/crt1.o

.text           0x0000000000400c70     0x62f6
 *(.text.unlikely .text.*_unlikely)
 *(.text.exit .text.exit.*)
 *(.text.startup .text.startup.*)
 *(.text.hot .text.hot.*)
 *(.text .stub .text.* .gnu.linkonce.t.*)
 .text          0x0000000000400c70       0x2c /usr/lib/x86_64-linux-gnu/crt1.o
                0x0000000000400c70                _start
 .text          0x0000000000400c9c       0x17 /usr/lib/x86_64-linux-gnu/crti.o
 *fill*         0x0000000000400cb3        0xd 90909090
 .text          0x0000000000400cc0       0x92 /usr/lib/gcc/x86_64-linux-gnu/4.6/crtbegin.o
 *fill*         0x0000000000400d52        0xe 90909090
 .text          0x0000000000400d60       0x92 /usr/lib/x86_64-linux-gnu/libc_nonshared.a(elf-init.oS)
                0x0000000000400d60                __libc_csu_init
                0x0000000000400df0                __libc_csu_fini
 *fill*         0x0000000000400df2        0xe 90909090
 .text          0x0000000000400e00       0x36 /usr/lib/gcc/x86_64-linux-gnu/4.6/crtend.o
 *fill*         0x0000000000400e36        0x2 90909090
 .text          0x0000000000400e38        0x0 /usr/lib/x86_64-linux-gnu/crtn.o
 .text          0x0000000000400e38      0x260 src/main/main.o
                0x0000000000400e38                main
 .text          0x0000000000401098      0x482 src/db/db_main.o
                0x0000000000401098                db_main
                0x00000000004010da                db_test
 *fill*         0x000000000040151a        0x2 90909090
 .text          0x000000000040151c      0x242 src/db/db.o
                0x000000000040151c                db_conn
                0x0000000000401619                db_close
                0x0000000000401633                db_exe
                0x00000000004016b6                db_disp
 *fill*         0x000000000040175e        0x2 90909090
 .text          0x0000000000401760      0x4d8 src/file2tmp/file_parse_main.o
                0x0000000000401760                file_parse_main
 .text          0x0000000000401c38      0x10a src/file2tmp/file_parse.o
                0x0000000000401c38                file_parse
 *fill*         0x0000000000401d42        0x2 90909090
 .text          0x0000000000401d44      0x398 src/file2tmp/apache2_access_file_parse.o
                0x0000000000401d44                apache2_access_do
 .text          0x00000000004020dc      0x237 src/file2tmp/apache2_error_file_parse.o
                0x00000000004020dc                apache2_error_do
 *fill*         0x0000000000402313        0x1 90909090
 .text          0x0000000000402314      0x5c7 src/file2tmp/xferlog_file_parse.o
                0x0000000000402314                xferlog_do
 *fill*         0x00000000004028db        0x1 90909090
 .text          0x00000000004028dc      0x233 src/file2tmp/vsftpd_file_parse.o
                0x00000000004028dc                vsftpd_do
 *fill*         0x0000000000402b0f        0x1 90909090
 .text          0x0000000000402b10      0x467 src/file2tmp/squid3_access_file_parse.o
                0x0000000000402b10                squid3_access_do
 *fill*         0x0000000000402f77        0x1 90909090
 .text          0x0000000000402f78      0x238 src/file2tmp/squid3_cache_file_parse.o
                0x0000000000402f78                squid3_cache_do
 .text          0x00000000004031b0      0x274 src/file2tmp/dns_file_parse.o
                0x00000000004031b0                dns_do
 .text          0x0000000000403424      0x238 src/file2tmp/sendmail_file_parse.o
                0x0000000000403424                sendmail_do
 .text          0x000000000040365c      0x274 src/file2tmp/iptables_file_parse.o
                0x000000000040365c                iptables_do
 .text          0x00000000004038d0      0x274 src/file2tmp/sshd_file_parse.o
                0x00000000004038d0                sshd_do
 .text          0x0000000000403b44      0x398 src/file2tmp/apache2_tls_access_file_parse.o
                0x0000000000403b44                apache2_tls_access_do
 .text          0x0000000000403edc      0x237 src/file2tmp/apache2_tls_error_file_parse.o
                0x0000000000403edc                apache2_tls_error_do
 *fill*         0x0000000000404113        0x1 90909090
 .text          0x0000000000404114      0x383 src/tmp2db/tmp2db_main.o
                0x0000000000404114                tmp2db_main
 *fill*         0x0000000000404497        0x1 90909090
 .text          0x0000000000404498       0xda src/tmp2db/tmp2db.o
                0x0000000000404498                tmp2db
 *fill*         0x0000000000404572        0x2 90909090
 .text          0x0000000000404574      0x247 src/tmp2db/sendmail_tmp2db.o
                0x0000000000404574                sendmail_exec
 *fill*         0x00000000004047bb        0x1 90909090
 .text          0x00000000004047bc      0x247 src/tmp2db/dns_tmp2db.o
                0x00000000004047bc                dns_exec
 *fill*         0x0000000000404a03        0x1 90909090
 .text          0x0000000000404a04      0x247 src/tmp2db/squid3_cache_tmp2db.o
                0x0000000000404a04                squid3_cache_exec
 *fill*         0x0000000000404c4b        0x1 90909090
 .text          0x0000000000404c4c      0x247 src/tmp2db/squid3_access_tmp2db.o
                0x0000000000404c4c                squid3_access_exec
 *fill*         0x0000000000404e93        0x1 90909090
 .text          0x0000000000404e94      0x247 src/tmp2db/vsftpd_tmp2db.o
                0x0000000000404e94                vsftpd_exec
 *fill*         0x00000000004050db        0x1 90909090
 .text          0x00000000004050dc      0x247 src/tmp2db/xferlog_tmp2db.o
                0x00000000004050dc                xferlog_exec
 *fill*         0x0000000000405323        0x1 90909090
 .text          0x0000000000405324      0x247 src/tmp2db/apache2_access_tmp2db.o
                0x0000000000405324                apache2_access_exec
 *fill*         0x000000000040556b        0x1 90909090
 .text          0x000000000040556c      0x247 src/tmp2db/apache2_error_tmp2db.o
                0x000000000040556c                apache2_error_exec
 *fill*         0x00000000004057b3        0x1 90909090
 .text          0x00000000004057b4      0x247 src/tmp2db/iptables_tmp2db.o
                0x00000000004057b4                iptables_exec
 *fill*         0x00000000004059fb        0x1 90909090
 .text          0x00000000004059fc      0x247 src/tmp2db/sshd_tmp2db.o
                0x00000000004059fc                sshd_exec
 *fill*         0x0000000000405c43        0x1 90909090
 .text          0x0000000000405c44      0x247 src/tmp2db/apache2_tls_access_tmp2db.o
                0x0000000000405c44                apache2_tls_access_exec
 *fill*         0x0000000000405e8b        0x1 90909090
 .text          0x0000000000405e8c      0x247 src/tmp2db/apache2_tls_error_tmp2db.o
                0x0000000000405e8c                apache2_tls_error_exec
 *fill*         0x00000000004060d3        0x1 90909090
 .text          0x00000000004060d4      0x1d4 dst/als.a(strings.o)
                0x00000000004060d4                strcpy_1
                0x0000000000406111                strcpy_2
                0x0000000000406143                strcpy_3
                0x000000000040617c                strcmp_1
                0x0000000000406205                itoa
                0x000000000040626c                replace_ch
 .text          0x00000000004062a8      0xcbe dst/als.a(lib.o)
                0x00000000004062a8                todatetime_1
                0x0000000000406437                todatetime_2
                0x00000000004065e9                todatetime_3
                0x000000000040666d                todatetime_4
                0x00000000004067e5                todatetime_5
                0x00000000004069bb                todatetime_6
                0x0000000000406b45                mon2num_1
                0x0000000000406d9f                day2num_1
 *(.gnu.warning)

.fini           0x0000000000406f68        0xe
 *(.fini)
 .fini          0x0000000000406f68        0x4 /usr/lib/x86_64-linux-gnu/crti.o
                0x0000000000406f68                _fini
 .fini          0x0000000000406f6c        0x5 /usr/lib/gcc/x86_64-linux-gnu/4.6/crtbegin.o
 .fini          0x0000000000406f71        0x5 /usr/lib/x86_64-linux-gnu/crtn.o
                0x0000000000406f76                PROVIDE (__etext, .)
                0x0000000000406f76                PROVIDE (_etext, .)
                0x0000000000406f76                PROVIDE (etext, .)

.rodata         0x0000000000406f78     0x2a0b
 *(.rodata .rodata.* .gnu.linkonce.r.*)
 .rodata.cst4   0x0000000000406f78        0x4 /usr/lib/x86_64-linux-gnu/crt1.o
                0x0000000000406f78                _IO_stdin_used
 *fill*         0x0000000000406f7c        0x4 00
 .rodata        0x0000000000406f80      0x24d src/main/main.o
 .rodata        0x00000000004071cd       0x11 src/db/db_main.o
 .rodata        0x00000000004071de       0x84 src/db/db.o
 *fill*         0x0000000000407262        0x6 00
 .rodata        0x0000000000407268      0x48a src/file2tmp/file_parse_main.o
 *fill*         0x00000000004076f2        0x6 00
 .rodata        0x00000000004076f8       0xa0 src/file2tmp/file_parse.o
 .rodata        0x0000000000407798      0x11a src/file2tmp/apache2_access_file_parse.o
 *fill*         0x00000000004078b2        0x6 00
 .rodata        0x00000000004078b8       0xb9 src/file2tmp/apache2_error_file_parse.o
 *fill*         0x0000000000407971        0x7 00
 .rodata        0x0000000000407978      0x1bb src/file2tmp/xferlog_file_parse.o
 *fill*         0x0000000000407b33        0x5 00
 .rodata        0x0000000000407b38       0xaa src/file2tmp/vsftpd_file_parse.o
 *fill*         0x0000000000407be2        0x6 00
 .rodata        0x0000000000407be8      0x159 src/file2tmp/squid3_access_file_parse.o
 *fill*         0x0000000000407d41        0x7 00
 .rodata        0x0000000000407d48       0xb8 src/file2tmp/squid3_cache_file_parse.o
 .rodata        0x0000000000407e00       0xa7 src/file2tmp/dns_file_parse.o
 *fill*         0x0000000000407ea7        0x1 00
 .rodata        0x0000000000407ea8       0xac src/file2tmp/sendmail_file_parse.o
 *fill*         0x0000000000407f54        0x4 00
 .rodata        0x0000000000407f58       0xac src/file2tmp/iptables_file_parse.o
 *fill*         0x0000000000408004        0x4 00
 .rodata        0x0000000000408008       0xa8 src/file2tmp/sshd_file_parse.o
 .rodata        0x00000000004080b0      0x11e src/file2tmp/apache2_tls_access_file_parse.o
 *fill*         0x00000000004081ce        0x2 00
 .rodata        0x00000000004081d0       0xbd src/file2tmp/apache2_tls_error_file_parse.o
 .rodata        0x000000000040828d       0xb7 src/tmp2db/tmp2db_main.o
 *fill*         0x0000000000408344        0x4 00
 .rodata        0x0000000000408348       0xa0 src/tmp2db/tmp2db.o
 .rodata        0x00000000004083e8      0x174 src/tmp2db/sendmail_tmp2db.o
 *fill*         0x000000000040855c        0x4 00
 .rodata        0x0000000000408560      0x148 src/tmp2db/dns_tmp2db.o
 .rodata        0x00000000004086a8      0x195 src/tmp2db/squid3_cache_tmp2db.o
 *fill*         0x000000000040883d        0x3 00
 .rodata        0x0000000000408840      0x226 src/tmp2db/squid3_access_tmp2db.o
 *fill*         0x0000000000408a66        0x2 00
 .rodata        0x0000000000408a68      0x164 src/tmp2db/vsftpd_tmp2db.o
 *fill*         0x0000000000408bcc        0x4 00
 .rodata        0x0000000000408bd0      0x248 src/tmp2db/xferlog_tmp2db.o
 .rodata        0x0000000000408e18      0x1ff src/tmp2db/apache2_access_tmp2db.o
 *fill*         0x0000000000409017        0x1 00
 .rodata        0x0000000000409018      0x1a6 src/tmp2db/apache2_error_tmp2db.o
 *fill*         0x00000000004091be        0x2 00
 .rodata        0x00000000004091c0      0x174 src/tmp2db/iptables_tmp2db.o
 *fill*         0x0000000000409334        0x4 00
 .rodata        0x0000000000409338      0x14c src/tmp2db/sshd_tmp2db.o
 *fill*         0x0000000000409484        0x4 00
 .rodata        0x0000000000409488      0x21b src/tmp2db/apache2_tls_access_tmp2db.o
 *fill*         0x00000000004096a3        0x5 00
 .rodata        0x00000000004096a8      0x1da src/tmp2db/apache2_tls_error_tmp2db.o
 .rodata        0x0000000000409882      0x101 dst/als.a(lib.o)

.rodata1
 *(.rodata1)

.eh_frame_hdr
 *(.eh_frame_hdr)

.eh_frame       0x0000000000409988      0x6f0
 *(.eh_frame)
 .eh_frame      0x0000000000409988       0x40 /usr/lib/x86_64-linux-gnu/crt1.o
 .eh_frame      0x00000000004099c8       0x40 /usr/lib/x86_64-linux-gnu/libc_nonshared.a(elf-init.oS)
                                         0x58 (size before relaxing)
 .eh_frame      0x0000000000409a08        0x4 /usr/lib/gcc/x86_64-linux-gnu/4.6/crtend.o
 *fill*         0x0000000000409a0c        0x4 00
 .eh_frame      0x0000000000409a10       0x20 src/main/main.o
                                         0x38 (size before relaxing)
 .eh_frame      0x0000000000409a30       0x60 src/db/db_main.o
                                         0x78 (size before relaxing)
 .eh_frame      0x0000000000409a90       0x88 src/db/db.o
                                         0xa0 (size before relaxing)
 .eh_frame      0x0000000000409b18       0x40 src/file2tmp/file_parse_main.o
                                         0x58 (size before relaxing)
 .eh_frame      0x0000000000409b58       0x20 src/file2tmp/file_parse.o
                                         0x38 (size before relaxing)
 .eh_frame      0x0000000000409b78       0x20 src/file2tmp/apache2_access_file_parse.o
                                         0x38 (size before relaxing)
 .eh_frame      0x0000000000409b98       0x20 src/file2tmp/apache2_error_file_parse.o
                                         0x38 (size before relaxing)
 .eh_frame      0x0000000000409bb8       0x20 src/file2tmp/xferlog_file_parse.o
                                         0x38 (size before relaxing)
 .eh_frame      0x0000000000409bd8       0x20 src/file2tmp/vsftpd_file_parse.o
                                         0x38 (size before relaxing)
 .eh_frame      0x0000000000409bf8       0x20 src/file2tmp/squid3_access_file_parse.o
                                         0x38 (size before relaxing)
 .eh_frame      0x0000000000409c18       0x20 src/file2tmp/squid3_cache_file_parse.o
                                         0x38 (size before relaxing)
 .eh_frame      0x0000000000409c38       0x20 src/file2tmp/dns_file_parse.o
                                         0x38 (size before relaxing)
 .eh_frame      0x0000000000409c58       0x20 src/file2tmp/sendmail_file_parse.o
                                         0x38 (size before relaxing)
 .eh_frame      0x0000000000409c78       0x20 src/file2tmp/iptables_file_parse.o
                                         0x38 (size before relaxing)
 .eh_frame      0x0000000000409c98       0x20 src/file2tmp/sshd_file_parse.o
                                         0x38 (size before relaxing)
 .eh_frame      0x0000000000409cb8       0x20 src/file2tmp/apache2_tls_access_file_parse.o
                                         0x38 (size before relaxing)
 .eh_frame      0x0000000000409cd8       0x20 src/file2tmp/apache2_tls_error_file_parse.o
                                         0x38 (size before relaxing)
 .eh_frame      0x0000000000409cf8       0x20 src/tmp2db/tmp2db_main.o
                                         0x38 (size before relaxing)
 .eh_frame      0x0000000000409d18       0x20 src/tmp2db/tmp2db.o
                                         0x38 (size before relaxing)
 .eh_frame      0x0000000000409d38       0x20 src/tmp2db/sendmail_tmp2db.o
                                         0x38 (size before relaxing)
 .eh_frame      0x0000000000409d58       0x20 src/tmp2db/dns_tmp2db.o
                                         0x38 (size before relaxing)
 .eh_frame      0x0000000000409d78       0x20 src/tmp2db/squid3_cache_tmp2db.o
                                         0x38 (size before relaxing)
 .eh_frame      0x0000000000409d98       0x20 src/tmp2db/squid3_access_tmp2db.o
                                         0x38 (size before relaxing)
 .eh_frame      0x0000000000409db8       0x20 src/tmp2db/vsftpd_tmp2db.o
                                         0x38 (size before relaxing)
 .eh_frame      0x0000000000409dd8       0x20 src/tmp2db/xferlog_tmp2db.o
                                         0x38 (size before relaxing)
 .eh_frame      0x0000000000409df8       0x20 src/tmp2db/apache2_access_tmp2db.o
                                         0x38 (size before relaxing)
 .eh_frame      0x0000000000409e18       0x20 src/tmp2db/apache2_error_tmp2db.o
                                         0x38 (size before relaxing)
 .eh_frame      0x0000000000409e38       0x20 src/tmp2db/iptables_tmp2db.o
                                         0x38 (size before relaxing)
 .eh_frame      0x0000000000409e58       0x20 src/tmp2db/sshd_tmp2db.o
                                         0x38 (size before relaxing)
 .eh_frame      0x0000000000409e78       0x20 src/tmp2db/apache2_tls_access_tmp2db.o
                                         0x38 (size before relaxing)
 .eh_frame      0x0000000000409e98       0x20 src/tmp2db/apache2_tls_error_tmp2db.o
                                         0x38 (size before relaxing)
 .eh_frame      0x0000000000409eb8       0xc0 dst/als.a(strings.o)
                                         0xd8 (size before relaxing)
 .eh_frame      0x0000000000409f78      0x100 dst/als.a(lib.o)
                                        0x118 (size before relaxing)

.gcc_except_table
 *(.gcc_except_table .gcc_except_table.*)

.exception_ranges
 *(.exception_ranges .exception_ranges*)
                0x000000000040a078                . = (ALIGN (0x200000) - ((0x200000 - .) & 0x1fffff))
                0x000000000060a078                . = DATA_SEGMENT_ALIGN (0x200000, 0x1000)

.eh_frame
 *(.eh_frame)

.gcc_except_table
 *(.gcc_except_table .gcc_except_table.*)

.exception_ranges
 *(.exception_ranges .exception_ranges*)

.tdata
 *(.tdata .tdata.* .gnu.linkonce.td.*)

.tbss
 *(.tbss .tbss.* .gnu.linkonce.tb.*)
 *(.tcommon)

.preinit_array  0x000000000060a078        0x0
                0x000000000060a078                PROVIDE (__preinit_array_start, .)
 *(.preinit_array)
                0x000000000060a078                PROVIDE (__preinit_array_end, .)

.init_array     0x000000000060a078        0x0
                0x000000000060a078                PROVIDE (__init_array_start, .)
 *(SORT(.init_array.*) SORT(.ctors.*))
 *(.init_array)
 *(EXCLUDE_FILE(*crtend?.o *crtend.o *crtbegin?.o *crtbegin.o) .ctors)
                0x000000000060a078                PROVIDE (__init_array_end, .)

.fini_array     0x000000000060a078        0x0
                0x000000000060a078                PROVIDE (__fini_array_start, .)
 *(SORT(.fini_array.*) SORT(.dtors.*))
 *(.fini_array)
 *(EXCLUDE_FILE(*crtend?.o *crtend.o *crtbegin?.o *crtbegin.o) .dtors)
                0x000000000060a078                PROVIDE (__fini_array_end, .)

.ctors          0x000000000060a078       0x10
 *crtbegin.o(.ctors)
 .ctors         0x000000000060a078        0x8 /usr/lib/gcc/x86_64-linux-gnu/4.6/crtbegin.o
 *crtbegin?.o(.ctors)
 *(EXCLUDE_FILE(*crtend?.o *crtend.o) .ctors)
 *(SORT(.ctors.*))
 *(.ctors)
 .ctors         0x000000000060a080        0x8 /usr/lib/gcc/x86_64-linux-gnu/4.6/crtend.o

.dtors          0x000000000060a088       0x10
 *crtbegin.o(.dtors)
 .dtors         0x000000000060a088        0x8 /usr/lib/gcc/x86_64-linux-gnu/4.6/crtbegin.o
 *crtbegin?.o(.dtors)
 *(EXCLUDE_FILE(*crtend?.o *crtend.o) .dtors)
 *(SORT(.dtors.*))
 *(.dtors)
 .dtors         0x000000000060a090        0x8 /usr/lib/gcc/x86_64-linux-gnu/4.6/crtend.o
                0x000000000060a090                __DTOR_END__

.jcr            0x000000000060a098        0x8
 *(.jcr)
 .jcr           0x000000000060a098        0x0 /usr/lib/gcc/x86_64-linux-gnu/4.6/crtbegin.o
 .jcr           0x000000000060a098        0x8 /usr/lib/gcc/x86_64-linux-gnu/4.6/crtend.o

.data.rel.ro
 *(.data.rel.ro.local* .gnu.linkonce.d.rel.ro.local.*)
 *(.data.rel.ro* .gnu.linkonce.d.rel.ro.*)

.dynamic        0x000000000060a0a0      0x1a0
 *(.dynamic)
 .dynamic       0x000000000060a0a0      0x1a0 /usr/lib/x86_64-linux-gnu/crt1.o
                0x000000000060a0a0                _DYNAMIC

.got            0x000000000060a240        0x8
 *(.got)
 .got           0x000000000060a240        0x8 /usr/lib/x86_64-linux-gnu/crt1.o
 *(.igot)
                0x000000000060a248                . = DATA_SEGMENT_RELRO_END (., 0x18)

.got.plt        0x000000000060a248       0xe8
 *(.got.plt)
 .got.plt       0x000000000060a248       0xe8 /usr/lib/x86_64-linux-gnu/crt1.o
                0x000000000060a248                _GLOBAL_OFFSET_TABLE_
 *(.igot.plt)
 .igot.plt      0x0000000000000000        0x0 /usr/lib/x86_64-linux-gnu/crt1.o

.data           0x000000000060a330       0x38
 *(.data .data.* .gnu.linkonce.d.*)
 .data          0x000000000060a330        0x4 /usr/lib/x86_64-linux-gnu/crt1.o
                0x000000000060a330                data_start
                0x000000000060a330                __data_start
 .data          0x000000000060a334        0x0 /usr/lib/x86_64-linux-gnu/crti.o
 *fill*         0x000000000060a334        0x4 00
 .data          0x000000000060a338        0x8 /usr/lib/gcc/x86_64-linux-gnu/4.6/crtbegin.o
                0x000000000060a338                __dso_handle
 .data          0x000000000060a340        0x0 /usr/lib/x86_64-linux-gnu/libc_nonshared.a(elf-init.oS)
 .data          0x000000000060a340        0x0 /usr/lib/gcc/x86_64-linux-gnu/4.6/crtend.o
 .data          0x000000000060a340        0x0 /usr/lib/x86_64-linux-gnu/crtn.o
 .data          0x000000000060a340        0x0 src/main/main.o
 .data          0x000000000060a340       0x28 src/db/db_main.o
 .data          0x000000000060a368        0x0 src/db/db.o
 .data          0x000000000060a368        0x0 src/file2tmp/file_parse_main.o
 .data          0x000000000060a368        0x0 src/file2tmp/file_parse.o
 .data          0x000000000060a368        0x0 src/file2tmp/apache2_access_file_parse.o
 .data          0x000000000060a368        0x0 src/file2tmp/apache2_error_file_parse.o
 .data          0x000000000060a368        0x0 src/file2tmp/xferlog_file_parse.o
 .data          0x000000000060a368        0x0 src/file2tmp/vsftpd_file_parse.o
 .data          0x000000000060a368        0x0 src/file2tmp/squid3_access_file_parse.o
 .data          0x000000000060a368        0x0 src/file2tmp/squid3_cache_file_parse.o
 .data          0x000000000060a368        0x0 src/file2tmp/dns_file_parse.o
 .data          0x000000000060a368        0x0 src/file2tmp/sendmail_file_parse.o
 .data          0x000000000060a368        0x0 src/file2tmp/iptables_file_parse.o
 .data          0x000000000060a368        0x0 src/file2tmp/sshd_file_parse.o
 .data          0x000000000060a368        0x0 src/file2tmp/apache2_tls_access_file_parse.o
 .data          0x000000000060a368        0x0 src/file2tmp/apache2_tls_error_file_parse.o
 .data          0x000000000060a368        0x0 src/tmp2db/tmp2db_main.o
 .data          0x000000000060a368        0x0 src/tmp2db/tmp2db.o
 .data          0x000000000060a368        0x0 src/tmp2db/sendmail_tmp2db.o
 .data          0x000000000060a368        0x0 src/tmp2db/dns_tmp2db.o
 .data          0x000000000060a368        0x0 src/tmp2db/squid3_cache_tmp2db.o
 .data          0x000000000060a368        0x0 src/tmp2db/squid3_access_tmp2db.o
 .data          0x000000000060a368        0x0 src/tmp2db/vsftpd_tmp2db.o
 .data          0x000000000060a368        0x0 src/tmp2db/xferlog_tmp2db.o
 .data          0x000000000060a368        0x0 src/tmp2db/apache2_access_tmp2db.o
 .data          0x000000000060a368        0x0 src/tmp2db/apache2_error_tmp2db.o
 .data          0x000000000060a368        0x0 src/tmp2db/iptables_tmp2db.o
 .data          0x000000000060a368        0x0 src/tmp2db/sshd_tmp2db.o
 .data          0x000000000060a368        0x0 src/tmp2db/apache2_tls_access_tmp2db.o
 .data          0x000000000060a368        0x0 src/tmp2db/apache2_tls_error_tmp2db.o
 .data          0x000000000060a368        0x0 dst/als.a(strings.o)
 .data          0x000000000060a368        0x0 dst/als.a(lib.o)

.data1
 *(.data1)
                0x000000000060a368                _edata = .
                0x000000000060a368                PROVIDE (edata, .)
                0x000000000060a368                __bss_start = .

.bss            0x000000000060a380    0x11740
 *(.dynbss)
 .dynbss        0x0000000000000000        0x0 /usr/lib/x86_64-linux-gnu/crt1.o
 *(.bss .bss.* .gnu.linkonce.b.*)
 .bss           0x000000000060a380        0x0 /usr/lib/x86_64-linux-gnu/crt1.o
 .bss           0x000000000060a380        0x0 /usr/lib/x86_64-linux-gnu/crti.o
 .bss           0x000000000060a380       0x10 /usr/lib/gcc/x86_64-linux-gnu/4.6/crtbegin.o
 .bss           0x000000000060a390        0x0 /usr/lib/x86_64-linux-gnu/libc_nonshared.a(elf-init.oS)
 .bss           0x000000000060a390        0x0 /usr/lib/gcc/x86_64-linux-gnu/4.6/crtend.o
 .bss           0x000000000060a390        0x0 /usr/lib/x86_64-linux-gnu/crtn.o
 .bss           0x000000000060a390        0x0 src/main/main.o
 .bss           0x000000000060a390        0x0 src/db/db_main.o
 .bss           0x000000000060a390        0x0 src/db/db.o
 *fill*         0x000000000060a390       0x10 00
 .bss           0x000000000060a3a0      0x880 src/file2tmp/file_parse_main.o
 .bss           0x000000000060ac20        0x0 src/file2tmp/file_parse.o
 .bss           0x000000000060ac20     0x1100 src/file2tmp/apache2_access_file_parse.o
 .bss           0x000000000060bd20     0x1100 src/file2tmp/apache2_error_file_parse.o
 .bss           0x000000000060ce20     0x1400 src/file2tmp/xferlog_file_parse.o
 .bss           0x000000000060e220     0x1400 src/file2tmp/vsftpd_file_parse.o
 .bss           0x000000000060f620     0x1400 src/file2tmp/squid3_access_file_parse.o
 .bss           0x0000000000610a20     0x1100 src/file2tmp/squid3_cache_file_parse.o
 .bss           0x0000000000611b20     0x1400 src/file2tmp/dns_file_parse.o
 .bss           0x0000000000612f20     0x1100 src/file2tmp/sendmail_file_parse.o
 .bss           0x0000000000614020     0x1400 src/file2tmp/iptables_file_parse.o
 .bss           0x0000000000615420     0x1400 src/file2tmp/sshd_file_parse.o
 .bss           0x0000000000616820     0x1100 src/file2tmp/apache2_tls_access_file_parse.o
 .bss           0x0000000000617920     0x1100 src/file2tmp/apache2_tls_error_file_parse.o
 .bss           0x0000000000618a20        0x0 src/tmp2db/tmp2db_main.o
 .bss           0x0000000000618a20        0x0 src/tmp2db/tmp2db.o
 .bss           0x0000000000618a20      0x400 src/tmp2db/sendmail_tmp2db.o
 .bss           0x0000000000618e20      0x400 src/tmp2db/dns_tmp2db.o
 .bss           0x0000000000619220      0x400 src/tmp2db/squid3_cache_tmp2db.o
 .bss           0x0000000000619620      0x400 src/tmp2db/squid3_access_tmp2db.o
 .bss           0x0000000000619a20      0x400 src/tmp2db/vsftpd_tmp2db.o
 .bss           0x0000000000619e20      0x400 src/tmp2db/xferlog_tmp2db.o
 .bss           0x000000000061a220      0x400 src/tmp2db/apache2_access_tmp2db.o
 .bss           0x000000000061a620      0x400 src/tmp2db/apache2_error_tmp2db.o
 .bss           0x000000000061aa20      0x400 src/tmp2db/iptables_tmp2db.o
 .bss           0x000000000061ae20      0x400 src/tmp2db/sshd_tmp2db.o
 .bss           0x000000000061b220      0x400 src/tmp2db/apache2_tls_access_tmp2db.o
 .bss           0x000000000061b620      0x400 src/tmp2db/apache2_tls_error_tmp2db.o
 .bss           0x000000000061ba20        0x0 dst/als.a(strings.o)
 .bss           0x000000000061ba20        0x0 dst/als.a(lib.o)
 *(COMMON)
 COMMON         0x000000000061ba20       0x20 src/db/db_main.o
                0x000000000061ba20                db_name
                0x000000000061ba28                db_server
                0x000000000061ba30                db_user
                0x000000000061ba38                db_pass
 COMMON         0x000000000061ba40       0x80 src/file2tmp/file_parse_main.o
                0x000000000061ba40                sshd_log_path
                0x000000000061ba48                apa_error_log_path
                0x000000000061ba50                apa_access_log_path
                0x000000000061ba58                squid3_cache_log_path
                0x000000000061ba60                dns_log_path
                0x000000000061ba68                sendmail_log_path
                0x000000000061ba70                squid3_access_log_path
                0x000000000061ba78                nfs_log_path
                0x000000000061ba80                apa_tls_error_log_path
                0x000000000061ba88                postfix_log_path
                0x000000000061ba90                iptables_log_path
                0x000000000061ba98                vsftpd_log_path
                0x000000000061baa0                apa_tls_access_log_path
                0x000000000061baa8                dhcp_log_path
                0x000000000061bab0                xferlog_log_path
                0x000000000061bab8                samba_log_path
                0x000000000061bac0                . = ALIGN ((. != 0x0)?0x8:0x1)

.lbss
 *(.dynlbss)
 *(.lbss .lbss.* .gnu.linkonce.lb.*)
 *(LARGE_COMMON)
                0x000000000061bac0                . = ALIGN (0x8)

.lrodata
 *(.lrodata .lrodata.* .gnu.linkonce.lr.*)

.ldata          0x0000000000a1bac0        0x0
 *(.ldata .ldata.* .gnu.linkonce.l.*)
                0x0000000000a1bac0                . = ALIGN ((. != 0x0)?0x8:0x1)
                0x0000000000a1bac0                . = ALIGN (0x8)
                0x0000000000a1bac0                _end = .
                0x0000000000a1bac0                PROVIDE (end, .)
                0x0000000000a1bac0                . = DATA_SEGMENT_END (.)

.stab
 *(.stab)

.stabstr
 *(.stabstr)

.stab.excl
 *(.stab.excl)

.stab.exclstr
 *(.stab.exclstr)

.stab.index
 *(.stab.index)

.stab.indexstr
 *(.stab.indexstr)

.comment        0x0000000000000000       0x2a
 *(.comment)
 .comment       0x0000000000000000       0x2a /usr/lib/gcc/x86_64-linux-gnu/4.6/crtbegin.o
                                         0x2b (size before relaxing)
 .comment       0x0000000000000000       0x2b /usr/lib/x86_64-linux-gnu/libc_nonshared.a(elf-init.oS)
 .comment       0x0000000000000000       0x2b /usr/lib/gcc/x86_64-linux-gnu/4.6/crtend.o
 .comment       0x0000000000000000       0x2b src/main/main.o
 .comment       0x0000000000000000       0x2b src/db/db_main.o
 .comment       0x0000000000000000       0x2b src/db/db.o
 .comment       0x0000000000000000       0x2b src/file2tmp/file_parse_main.o
 .comment       0x0000000000000000       0x2b src/file2tmp/file_parse.o
 .comment       0x0000000000000000       0x2b src/file2tmp/apache2_access_file_parse.o
 .comment       0x0000000000000000       0x2b src/file2tmp/apache2_error_file_parse.o
 .comment       0x0000000000000000       0x2b src/file2tmp/xferlog_file_parse.o
 .comment       0x0000000000000000       0x2b src/file2tmp/vsftpd_file_parse.o
 .comment       0x0000000000000000       0x2b src/file2tmp/squid3_access_file_parse.o
 .comment       0x0000000000000000       0x2b src/file2tmp/squid3_cache_file_parse.o
 .comment       0x0000000000000000       0x2b src/file2tmp/dns_file_parse.o
 .comment       0x0000000000000000       0x2b src/file2tmp/sendmail_file_parse.o
 .comment       0x0000000000000000       0x2b src/file2tmp/iptables_file_parse.o
 .comment       0x0000000000000000       0x2b src/file2tmp/sshd_file_parse.o
 .comment       0x0000000000000000       0x2b src/file2tmp/apache2_tls_access_file_parse.o
 .comment       0x0000000000000000       0x2b src/file2tmp/apache2_tls_error_file_parse.o
 .comment       0x0000000000000000       0x2b src/tmp2db/tmp2db_main.o
 .comment       0x0000000000000000       0x2b src/tmp2db/tmp2db.o
 .comment       0x0000000000000000       0x2b src/tmp2db/sendmail_tmp2db.o
 .comment       0x0000000000000000       0x2b src/tmp2db/dns_tmp2db.o
 .comment       0x0000000000000000       0x2b src/tmp2db/squid3_cache_tmp2db.o
 .comment       0x0000000000000000       0x2b src/tmp2db/squid3_access_tmp2db.o
 .comment       0x0000000000000000       0x2b src/tmp2db/vsftpd_tmp2db.o
 .comment       0x0000000000000000       0x2b src/tmp2db/xferlog_tmp2db.o
 .comment       0x0000000000000000       0x2b src/tmp2db/apache2_access_tmp2db.o
 .comment       0x0000000000000000       0x2b src/tmp2db/apache2_error_tmp2db.o
 .comment       0x0000000000000000       0x2b src/tmp2db/iptables_tmp2db.o
 .comment       0x0000000000000000       0x2b src/tmp2db/sshd_tmp2db.o
 .comment       0x0000000000000000       0x2b src/tmp2db/apache2_tls_access_tmp2db.o
 .comment       0x0000000000000000       0x2b src/tmp2db/apache2_tls_error_tmp2db.o
 .comment       0x0000000000000000       0x2b dst/als.a(strings.o)
 .comment       0x0000000000000000       0x2b dst/als.a(lib.o)

.debug
 *(.debug)

.line
 *(.line)

.debug_srcinfo
 *(.debug_srcinfo)

.debug_sfnames
 *(.debug_sfnames)

.debug_aranges  0x0000000000000000      0x630
 *(.debug_aranges)
 .debug_aranges
                0x0000000000000000       0x30 src/main/main.o
 .debug_aranges
                0x0000000000000030       0x30 src/db/db_main.o
 .debug_aranges
                0x0000000000000060       0x30 src/db/db.o
 .debug_aranges
                0x0000000000000090       0x30 src/file2tmp/file_parse_main.o
 .debug_aranges
                0x00000000000000c0       0x30 src/file2tmp/file_parse.o
 .debug_aranges
                0x00000000000000f0       0x30 src/file2tmp/apache2_access_file_parse.o
 .debug_aranges
                0x0000000000000120       0x30 src/file2tmp/apache2_error_file_parse.o
 .debug_aranges
                0x0000000000000150       0x30 src/file2tmp/xferlog_file_parse.o
 .debug_aranges
                0x0000000000000180       0x30 src/file2tmp/vsftpd_file_parse.o
 .debug_aranges
                0x00000000000001b0       0x30 src/file2tmp/squid3_access_file_parse.o
 .debug_aranges
                0x00000000000001e0       0x30 src/file2tmp/squid3_cache_file_parse.o
 .debug_aranges
                0x0000000000000210       0x30 src/file2tmp/dns_file_parse.o
 .debug_aranges
                0x0000000000000240       0x30 src/file2tmp/sendmail_file_parse.o
 .debug_aranges
                0x0000000000000270       0x30 src/file2tmp/iptables_file_parse.o
 .debug_aranges
                0x00000000000002a0       0x30 src/file2tmp/sshd_file_parse.o
 .debug_aranges
                0x00000000000002d0       0x30 src/file2tmp/apache2_tls_access_file_parse.o
 .debug_aranges
                0x0000000000000300       0x30 src/file2tmp/apache2_tls_error_file_parse.o
 .debug_aranges
                0x0000000000000330       0x30 src/tmp2db/tmp2db_main.o
 .debug_aranges
                0x0000000000000360       0x30 src/tmp2db/tmp2db.o
 .debug_aranges
                0x0000000000000390       0x30 src/tmp2db/sendmail_tmp2db.o
 .debug_aranges
                0x00000000000003c0       0x30 src/tmp2db/dns_tmp2db.o
 .debug_aranges
                0x00000000000003f0       0x30 src/tmp2db/squid3_cache_tmp2db.o
 .debug_aranges
                0x0000000000000420       0x30 src/tmp2db/squid3_access_tmp2db.o
 .debug_aranges
                0x0000000000000450       0x30 src/tmp2db/vsftpd_tmp2db.o
 .debug_aranges
                0x0000000000000480       0x30 src/tmp2db/xferlog_tmp2db.o
 .debug_aranges
                0x00000000000004b0       0x30 src/tmp2db/apache2_access_tmp2db.o
 .debug_aranges
                0x00000000000004e0       0x30 src/tmp2db/apache2_error_tmp2db.o
 .debug_aranges
                0x0000000000000510       0x30 src/tmp2db/iptables_tmp2db.o
 .debug_aranges
                0x0000000000000540       0x30 src/tmp2db/sshd_tmp2db.o
 .debug_aranges
                0x0000000000000570       0x30 src/tmp2db/apache2_tls_access_tmp2db.o
 .debug_aranges
                0x00000000000005a0       0x30 src/tmp2db/apache2_tls_error_tmp2db.o
 .debug_aranges
                0x00000000000005d0       0x30 dst/als.a(strings.o)
 .debug_aranges
                0x0000000000000600       0x30 dst/als.a(lib.o)

.debug_pubnames
 *(.debug_pubnames)

.debug_info     0x0000000000000000    0x207ea
 *(.debug_info .gnu.linkonce.wi.*)
 .debug_info    0x0000000000000000       0xf3 src/main/main.o
 .debug_info    0x00000000000000f3     0x10bd src/db/db_main.o
 .debug_info    0x00000000000011b0     0x1052 src/db/db.o
 .debug_info    0x0000000000002202      0x289 src/file2tmp/file_parse_main.o
 .debug_info    0x000000000000248b      0x2ac src/file2tmp/file_parse.o
 .debug_info    0x0000000000002737     0x1420 src/file2tmp/apache2_access_file_parse.o
 .debug_info    0x0000000000003b57     0x1572 src/file2tmp/apache2_error_file_parse.o
 .debug_info    0x00000000000050c9     0x151e src/file2tmp/xferlog_file_parse.o
 .debug_info    0x00000000000065e7     0x1574 src/file2tmp/vsftpd_file_parse.o
 .debug_info    0x0000000000007b5b     0x13fa src/file2tmp/squid3_access_file_parse.o
 .debug_info    0x0000000000008f55     0x154b src/file2tmp/squid3_cache_file_parse.o
 .debug_info    0x000000000000a4a0     0x1552 src/file2tmp/dns_file_parse.o
 .debug_info    0x000000000000b9f2     0x155d src/file2tmp/sendmail_file_parse.o
 .debug_info    0x000000000000cf4f     0x1552 src/file2tmp/iptables_file_parse.o
 .debug_info    0x000000000000e4a1     0x1552 src/file2tmp/sshd_file_parse.o
 .debug_info    0x000000000000f9f3     0x1420 src/file2tmp/apache2_tls_access_file_parse.o
 .debug_info    0x0000000000010e13     0x1572 src/file2tmp/apache2_tls_error_file_parse.o
 .debug_info    0x0000000000012385      0x41c src/tmp2db/tmp2db_main.o
 .debug_info    0x00000000000127a1      0x323 src/tmp2db/tmp2db.o
 .debug_info    0x0000000000012ac4     0x1122 src/tmp2db/sendmail_tmp2db.o
 .debug_info    0x0000000000013be6     0x1122 src/tmp2db/dns_tmp2db.o
 .debug_info    0x0000000000014d08     0x1122 src/tmp2db/squid3_cache_tmp2db.o
 .debug_info    0x0000000000015e2a     0x1122 src/tmp2db/squid3_access_tmp2db.o
 .debug_info    0x0000000000016f4c     0x1122 src/tmp2db/vsftpd_tmp2db.o
 .debug_info    0x000000000001806e     0x1122 src/tmp2db/xferlog_tmp2db.o
 .debug_info    0x0000000000019190     0x1122 src/tmp2db/apache2_access_tmp2db.o
 .debug_info    0x000000000001a2b2     0x1122 src/tmp2db/apache2_error_tmp2db.o
 .debug_info    0x000000000001b3d4     0x1122 src/tmp2db/iptables_tmp2db.o
 .debug_info    0x000000000001c4f6     0x1122 src/tmp2db/sshd_tmp2db.o
 .debug_info    0x000000000001d618     0x1122 src/tmp2db/apache2_tls_access_tmp2db.o
 .debug_info    0x000000000001e73a     0x1122 src/tmp2db/apache2_tls_error_tmp2db.o
 .debug_info    0x000000000001f85c      0x2a6 dst/als.a(strings.o)
 .debug_info    0x000000000001fb02      0xce8 dst/als.a(lib.o)

.debug_abbrev   0x0000000000000000     0x370c
 *(.debug_abbrev)
 .debug_abbrev  0x0000000000000000       0x77 src/main/main.o
 .debug_abbrev  0x0000000000000077      0x1d5 src/db/db_main.o
 .debug_abbrev  0x000000000000024c      0x1db src/db/db.o
 .debug_abbrev  0x0000000000000427       0xbc src/file2tmp/file_parse_main.o
 .debug_abbrev  0x00000000000004e3       0xab src/file2tmp/file_parse.o
 .debug_abbrev  0x000000000000058e      0x1ee src/file2tmp/apache2_access_file_parse.o
 .debug_abbrev  0x000000000000077c      0x1fb src/file2tmp/apache2_error_file_parse.o
 .debug_abbrev  0x0000000000000977      0x1fb src/file2tmp/xferlog_file_parse.o
 .debug_abbrev  0x0000000000000b72      0x208 src/file2tmp/vsftpd_file_parse.o
 .debug_abbrev  0x0000000000000d7a      0x1fb src/file2tmp/squid3_access_file_parse.o
 .debug_abbrev  0x0000000000000f75      0x1fb src/file2tmp/squid3_cache_file_parse.o
 .debug_abbrev  0x0000000000001170      0x1fb src/file2tmp/dns_file_parse.o
 .debug_abbrev  0x000000000000136b      0x1fb src/file2tmp/sendmail_file_parse.o
 .debug_abbrev  0x0000000000001566      0x1fb src/file2tmp/iptables_file_parse.o
 .debug_abbrev  0x0000000000001761      0x1fb src/file2tmp/sshd_file_parse.o
 .debug_abbrev  0x000000000000195c      0x1ee src/file2tmp/apache2_tls_access_file_parse.o
 .debug_abbrev  0x0000000000001b4a      0x1fb src/file2tmp/apache2_tls_error_file_parse.o
 .debug_abbrev  0x0000000000001d45       0xb2 src/tmp2db/tmp2db_main.o
 .debug_abbrev  0x0000000000001df7       0xab src/tmp2db/tmp2db.o
 .debug_abbrev  0x0000000000001ea2      0x1d2 src/tmp2db/sendmail_tmp2db.o
 .debug_abbrev  0x0000000000002074      0x1d2 src/tmp2db/dns_tmp2db.o
 .debug_abbrev  0x0000000000002246      0x1d2 src/tmp2db/squid3_cache_tmp2db.o
 .debug_abbrev  0x0000000000002418      0x1d2 src/tmp2db/squid3_access_tmp2db.o
 .debug_abbrev  0x00000000000025ea      0x1d2 src/tmp2db/vsftpd_tmp2db.o
 .debug_abbrev  0x00000000000027bc      0x1d2 src/tmp2db/xferlog_tmp2db.o
 .debug_abbrev  0x000000000000298e      0x1d2 src/tmp2db/apache2_access_tmp2db.o
 .debug_abbrev  0x0000000000002b60      0x1d2 src/tmp2db/apache2_error_tmp2db.o
 .debug_abbrev  0x0000000000002d32      0x1d2 src/tmp2db/iptables_tmp2db.o
 .debug_abbrev  0x0000000000002f04      0x1d2 src/tmp2db/sshd_tmp2db.o
 .debug_abbrev  0x00000000000030d6      0x1d2 src/tmp2db/apache2_tls_access_tmp2db.o
 .debug_abbrev  0x00000000000032a8      0x1d2 src/tmp2db/apache2_tls_error_tmp2db.o
 .debug_abbrev  0x000000000000347a      0x105 dst/als.a(strings.o)
 .debug_abbrev  0x000000000000357f      0x18d dst/als.a(lib.o)

.debug_line     0x0000000000000000     0x2b6e
 *(.debug_line)
 .debug_line    0x0000000000000000       0x97 src/main/main.o
 .debug_line    0x0000000000000097      0x131 src/db/db_main.o
 .debug_line    0x00000000000001c8      0x12b src/db/db.o
 .debug_line    0x00000000000002f3       0xec src/file2tmp/file_parse_main.o
 .debug_line    0x00000000000003df       0x97 src/file2tmp/file_parse.o
 .debug_line    0x0000000000000476      0x1c1 src/file2tmp/apache2_access_file_parse.o
 .debug_line    0x0000000000000637      0x19f src/file2tmp/apache2_error_file_parse.o
 .debug_line    0x00000000000007d6      0x1ee src/file2tmp/xferlog_file_parse.o
 .debug_line    0x00000000000009c4      0x199 src/file2tmp/vsftpd_file_parse.o
 .debug_line    0x0000000000000b5d      0x1d6 src/file2tmp/squid3_access_file_parse.o
 .debug_line    0x0000000000000d33      0x19f src/file2tmp/squid3_cache_file_parse.o
 .debug_line    0x0000000000000ed2      0x19c src/file2tmp/dns_file_parse.o
 .debug_line    0x000000000000106e      0x19a src/file2tmp/sendmail_file_parse.o
 .debug_line    0x0000000000001208      0x1a1 src/file2tmp/iptables_file_parse.o
 .debug_line    0x00000000000013a9      0x19d src/file2tmp/sshd_file_parse.o
 .debug_line    0x0000000000001546      0x1c5 src/file2tmp/apache2_tls_access_file_parse.o
 .debug_line    0x000000000000170b      0x1a3 src/file2tmp/apache2_tls_error_file_parse.o
 .debug_line    0x00000000000018ae       0xc1 src/tmp2db/tmp2db_main.o
 .debug_line    0x000000000000196f       0x90 src/tmp2db/tmp2db.o
 .debug_line    0x00000000000019ff      0x13c src/tmp2db/sendmail_tmp2db.o
 .debug_line    0x0000000000001b3b      0x137 src/tmp2db/dns_tmp2db.o
 .debug_line    0x0000000000001c72      0x140 src/tmp2db/squid3_cache_tmp2db.o
 .debug_line    0x0000000000001db2      0x141 src/tmp2db/squid3_access_tmp2db.o
 .debug_line    0x0000000000001ef3      0x13a src/tmp2db/vsftpd_tmp2db.o
 .debug_line    0x000000000000202d      0x13c src/tmp2db/xferlog_tmp2db.o
 .debug_line    0x0000000000002169      0x142 src/tmp2db/apache2_access_tmp2db.o
 .debug_line    0x00000000000022ab      0x141 src/tmp2db/apache2_error_tmp2db.o
 .debug_line    0x00000000000023ec      0x13c src/tmp2db/iptables_tmp2db.o
 .debug_line    0x0000000000002528      0x138 src/tmp2db/sshd_tmp2db.o
 .debug_line    0x0000000000002660      0x146 src/tmp2db/apache2_tls_access_tmp2db.o
 .debug_line    0x00000000000027a6      0x145 src/tmp2db/apache2_tls_error_tmp2db.o
 .debug_line    0x00000000000028eb       0xbb dst/als.a(strings.o)
 .debug_line    0x00000000000029a6      0x1c8 dst/als.a(lib.o)

.debug_frame
 *(.debug_frame)

.debug_str      0x0000000000000000     0x1706
 *(.debug_str)
 .debug_str     0x0000000000000000       0xa1 src/main/main.o
                                         0xdf (size before relaxing)
 .debug_str     0x00000000000000a1      0xc0d src/db/db_main.o
                                        0xd65 (size before relaxing)
 .debug_str     0x0000000000000cae       0x45 src/db/db.o
                                        0xcda (size before relaxing)
 .debug_str     0x0000000000000cf3      0x16d src/file2tmp/file_parse_main.o
                                        0x22d (size before relaxing)
 .debug_str     0x0000000000000e60       0x7e src/file2tmp/file_parse.o
                                        0x25c (size before relaxing)
 .debug_str     0x0000000000000ede      0x1dd src/file2tmp/apache2_access_file_parse.o
                                        0xfbf (size before relaxing)
 .debug_str     0x00000000000010bb       0x53 src/file2tmp/apache2_error_file_parse.o
                                        0xfe5 (size before relaxing)
 .debug_str     0x000000000000110e       0x33 src/file2tmp/xferlog_file_parse.o
                                        0xfcd (size before relaxing)
 .debug_str     0x0000000000001141       0x2c src/file2tmp/vsftpd_file_parse.o
                                        0xfde (size before relaxing)
 .debug_str     0x000000000000116d       0x39 src/file2tmp/squid3_access_file_parse.o
                                        0xfb6 (size before relaxing)
 .debug_str     0x00000000000011a6       0x50 src/file2tmp/squid3_cache_file_parse.o
                                        0xfea (size before relaxing)
 .debug_str     0x00000000000011f6       0x47 src/file2tmp/dns_file_parse.o
                                        0xfe1 (size before relaxing)
 .debug_str     0x000000000000123d       0x3e src/file2tmp/sendmail_file_parse.o
                                        0xfe5 (size before relaxing)
 .debug_str     0x000000000000127b       0x32 src/file2tmp/iptables_file_parse.o
                                        0xff0 (size before relaxing)
 .debug_str     0x00000000000012ad       0x2a src/file2tmp/sshd_file_parse.o
                                        0xfe4 (size before relaxing)
 .debug_str     0x00000000000012d7       0x2d src/file2tmp/apache2_tls_access_file_parse.o
                                        0xfc7 (size before relaxing)
 .debug_str     0x0000000000001304       0x2c src/file2tmp/apache2_tls_error_file_parse.o
                                        0xfed (size before relaxing)
 .debug_str     0x0000000000001330       0x2c src/tmp2db/tmp2db_main.o
                                        0x213 (size before relaxing)
 .debug_str     0x000000000000135c       0xd7 src/tmp2db/tmp2db.o
                                        0x2c5 (size before relaxing)
 .debug_str     0x0000000000001433       0x25 src/tmp2db/sendmail_tmp2db.o
                                        0xe19 (size before relaxing)
 .debug_str     0x0000000000001458       0x18 src/tmp2db/dns_tmp2db.o
                                        0xe0f (size before relaxing)
 .debug_str     0x0000000000001470       0x21 src/tmp2db/squid3_cache_tmp2db.o
                                        0xe21 (size before relaxing)
 .debug_str     0x0000000000001491       0x22 src/tmp2db/squid3_access_tmp2db.o
                                        0xe23 (size before relaxing)
 .debug_str     0x00000000000014b3       0x1b src/tmp2db/vsftpd_tmp2db.o
                                        0xe15 (size before relaxing)
 .debug_str     0x00000000000014ce       0x1c src/tmp2db/xferlog_tmp2db.o
                                        0xe17 (size before relaxing)
 .debug_str     0x00000000000014ea       0x23 src/tmp2db/apache2_access_tmp2db.o
                                        0xe25 (size before relaxing)
 .debug_str     0x000000000000150d       0x22 src/tmp2db/apache2_error_tmp2db.o
                                        0xe23 (size before relaxing)
 .debug_str     0x000000000000152f       0x1d src/tmp2db/iptables_tmp2db.o
                                        0xe19 (size before relaxing)
 .debug_str     0x000000000000154c       0x19 src/tmp2db/sshd_tmp2db.o
                                        0xe11 (size before relaxing)
 .debug_str     0x0000000000001565       0x27 src/tmp2db/apache2_tls_access_tmp2db.o
                                        0xe2d (size before relaxing)
 .debug_str     0x000000000000158c       0x26 src/tmp2db/apache2_tls_error_tmp2db.o
                                        0xe2b (size before relaxing)
 .debug_str     0x00000000000015b2       0x65 dst/als.a(strings.o)
                                        0x122 (size before relaxing)
 .debug_str     0x0000000000001617       0xef dst/als.a(lib.o)
                                        0x22e (size before relaxing)

.debug_loc      0x0000000000000000     0x1320
 *(.debug_loc)
 .debug_loc     0x0000000000000000       0x60 src/main/main.o
 .debug_loc     0x0000000000000060      0x120 src/db/db_main.o
 .debug_loc     0x0000000000000180      0x180 src/db/db.o
 .debug_loc     0x0000000000000300       0xc0 src/file2tmp/file_parse_main.o
 .debug_loc     0x00000000000003c0       0x60 src/file2tmp/file_parse.o
 .debug_loc     0x0000000000000420       0x60 src/file2tmp/apache2_access_file_parse.o
 .debug_loc     0x0000000000000480       0x60 src/file2tmp/apache2_error_file_parse.o
 .debug_loc     0x00000000000004e0       0x60 src/file2tmp/xferlog_file_parse.o
 .debug_loc     0x0000000000000540       0x60 src/file2tmp/vsftpd_file_parse.o
 .debug_loc     0x00000000000005a0       0x60 src/file2tmp/squid3_access_file_parse.o
 .debug_loc     0x0000000000000600       0x60 src/file2tmp/squid3_cache_file_parse.o
 .debug_loc     0x0000000000000660       0x60 src/file2tmp/dns_file_parse.o
 .debug_loc     0x00000000000006c0       0x60 src/file2tmp/sendmail_file_parse.o
 .debug_loc     0x0000000000000720       0x60 src/file2tmp/iptables_file_parse.o
 .debug_loc     0x0000000000000780       0x60 src/file2tmp/sshd_file_parse.o
 .debug_loc     0x00000000000007e0       0x60 src/file2tmp/apache2_tls_access_file_parse.o
 .debug_loc     0x0000000000000840       0x60 src/file2tmp/apache2_tls_error_file_parse.o
 .debug_loc     0x00000000000008a0       0x60 src/tmp2db/tmp2db_main.o
 .debug_loc     0x0000000000000900       0x60 src/tmp2db/tmp2db.o
 .debug_loc     0x0000000000000960       0x60 src/tmp2db/sendmail_tmp2db.o
 .debug_loc     0x00000000000009c0       0x60 src/tmp2db/dns_tmp2db.o
 .debug_loc     0x0000000000000a20       0x60 src/tmp2db/squid3_cache_tmp2db.o
 .debug_loc     0x0000000000000a80       0x60 src/tmp2db/squid3_access_tmp2db.o
 .debug_loc     0x0000000000000ae0       0x60 src/tmp2db/vsftpd_tmp2db.o
 .debug_loc     0x0000000000000b40       0x60 src/tmp2db/xferlog_tmp2db.o
 .debug_loc     0x0000000000000ba0       0x60 src/tmp2db/apache2_access_tmp2db.o
 .debug_loc     0x0000000000000c00       0x60 src/tmp2db/apache2_error_tmp2db.o
 .debug_loc     0x0000000000000c60       0x60 src/tmp2db/iptables_tmp2db.o
 .debug_loc     0x0000000000000cc0       0x60 src/tmp2db/sshd_tmp2db.o
 .debug_loc     0x0000000000000d20       0x60 src/tmp2db/apache2_tls_access_tmp2db.o
 .debug_loc     0x0000000000000d80       0x60 src/tmp2db/apache2_tls_error_tmp2db.o
 .debug_loc     0x0000000000000de0      0x240 dst/als.a(strings.o)
 .debug_loc     0x0000000000001020      0x300 dst/als.a(lib.o)

.debug_macinfo
 *(.debug_macinfo)

.debug_weaknames
 *(.debug_weaknames)

.debug_funcnames
 *(.debug_funcnames)

.debug_typenames
 *(.debug_typenames)

.debug_varnames
 *(.debug_varnames)

.debug_pubtypes
 *(.debug_pubtypes)

.debug_ranges
 *(.debug_ranges)

.gnu.attributes
 *(.gnu.attributes)

/DISCARD/
 *(.note.GNU-stack)
 *(.gnu_debuglink)
 *(.gnu.lto_*)
OUTPUT(dst/als elf64-x86-64)
